Archive member included to satisfy reference by file (symbol)

C:/Users/amira/.pico-sdk/toolchain/13_2_Rel1/bin/../lib/gcc/arm-none-eabi/13.2.1/thumb/v6-m/nofp\libgcc.a(_dvmd_tls.o)
                              CMakeFiles/temperatura.dir/C_/Users/amira/.pico-sdk/sdk/1.5.1/src/rp2_common/pico_divider/divider.S.obj (__aeabi_idiv0)
C:/Users/amira/.pico-sdk/toolchain/13_2_Rel1/bin/../lib/gcc/arm-none-eabi/13.2.1/thumb/v6-m/nofp\libc.a(libc_a-calloc.o)
                              CMakeFiles/temperatura.dir/C_/Users/amira/.pico-sdk/sdk/1.5.1/src/rp2_common/pico_malloc/pico_malloc.c.obj (calloc)
C:/Users/amira/.pico-sdk/toolchain/13_2_Rel1/bin/../lib/gcc/arm-none-eabi/13.2.1/thumb/v6-m/nofp\libc.a(libc_a-callocr.o)
                              C:/Users/amira/.pico-sdk/toolchain/13_2_Rel1/bin/../lib/gcc/arm-none-eabi/13.2.1/thumb/v6-m/nofp\libc.a(libc_a-calloc.o) (_calloc_r)
C:/Users/amira/.pico-sdk/toolchain/13_2_Rel1/bin/../lib/gcc/arm-none-eabi/13.2.1/thumb/v6-m/nofp\libc.a(libc_a-malloc.o)
                              CMakeFiles/temperatura.dir/C_/Users/amira/.pico-sdk/sdk/1.5.1/src/rp2_common/pico_malloc/pico_malloc.c.obj (malloc)
C:/Users/amira/.pico-sdk/toolchain/13_2_Rel1/bin/../lib/gcc/arm-none-eabi/13.2.1/thumb/v6-m/nofp\libc.a(libc_a-mallocr.o)
                              C:/Users/amira/.pico-sdk/toolchain/13_2_Rel1/bin/../lib/gcc/arm-none-eabi/13.2.1/thumb/v6-m/nofp\libc.a(libc_a-callocr.o) (_malloc_r)
C:/Users/amira/.pico-sdk/toolchain/13_2_Rel1/bin/../lib/gcc/arm-none-eabi/13.2.1/thumb/v6-m/nofp\libc.a(libc_a-mlock.o)
                              C:/Users/amira/.pico-sdk/toolchain/13_2_Rel1/bin/../lib/gcc/arm-none-eabi/13.2.1/thumb/v6-m/nofp\libc.a(libc_a-mallocr.o) (__malloc_lock)
C:/Users/amira/.pico-sdk/toolchain/13_2_Rel1/bin/../lib/gcc/arm-none-eabi/13.2.1/thumb/v6-m/nofp\libc.a(libc_a-realloc.o)
                              CMakeFiles/temperatura.dir/C_/Users/amira/.pico-sdk/sdk/1.5.1/src/rp2_common/pico_malloc/pico_malloc.c.obj (realloc)
C:/Users/amira/.pico-sdk/toolchain/13_2_Rel1/bin/../lib/gcc/arm-none-eabi/13.2.1/thumb/v6-m/nofp\libc.a(libc_a-reallocr.o)
                              C:/Users/amira/.pico-sdk/toolchain/13_2_Rel1/bin/../lib/gcc/arm-none-eabi/13.2.1/thumb/v6-m/nofp\libc.a(libc_a-realloc.o) (_realloc_r)
C:/Users/amira/.pico-sdk/toolchain/13_2_Rel1/bin/../lib/gcc/arm-none-eabi/13.2.1/thumb/v6-m/nofp\libc.a(libc_a-ctype_.o)
                              CMakeFiles/temperatura.dir/inc/ssd1306_i2c.c.obj (_ctype_)
C:/Users/amira/.pico-sdk/toolchain/13_2_Rel1/bin/../lib/gcc/arm-none-eabi/13.2.1/thumb/v6-m/nofp\libc.a(libc_a-memmove.o)
                              C:/Users/amira/.pico-sdk/toolchain/13_2_Rel1/bin/../lib/gcc/arm-none-eabi/13.2.1/thumb/v6-m/nofp\libc.a(libc_a-reallocr.o) (memmove)
C:/Users/amira/.pico-sdk/toolchain/13_2_Rel1/bin/../lib/gcc/arm-none-eabi/13.2.1/thumb/v6-m/nofp\libc.a(libc_a-impure.o)
                              C:/Users/amira/.pico-sdk/toolchain/13_2_Rel1/bin/../lib/gcc/arm-none-eabi/13.2.1/thumb/v6-m/nofp\libc.a(libc_a-calloc.o) (_impure_ptr)
C:/Users/amira/.pico-sdk/toolchain/13_2_Rel1/bin/../lib/gcc/arm-none-eabi/13.2.1/thumb/v6-m/nofp\libc.a(libc_a-sbrkr.o)
                              C:/Users/amira/.pico-sdk/toolchain/13_2_Rel1/bin/../lib/gcc/arm-none-eabi/13.2.1/thumb/v6-m/nofp\libc.a(libc_a-mallocr.o) (_sbrk_r)
C:/Users/amira/.pico-sdk/toolchain/13_2_Rel1/bin/../lib/gcc/arm-none-eabi/13.2.1/thumb/v6-m/nofp\libc.a(libc_a-errno.o)
                              C:/Users/amira/.pico-sdk/toolchain/13_2_Rel1/bin/../lib/gcc/arm-none-eabi/13.2.1/thumb/v6-m/nofp\libc.a(libc_a-callocr.o) (__errno)
C:/Users/amira/.pico-sdk/toolchain/13_2_Rel1/bin/../lib/gcc/arm-none-eabi/13.2.1/thumb/v6-m/nofp\libc.a(libc_a-init.o)
                              C:/Users/amira/.pico-sdk/toolchain/13_2_Rel1/bin/../lib/gcc/arm-none-eabi/13.2.1/thumb/v6-m/nofp/crt0.o (__libc_init_array)
C:/Users/amira/.pico-sdk/toolchain/13_2_Rel1/bin/../lib/gcc/arm-none-eabi/13.2.1/thumb/v6-m/nofp\libc.a(libc_a-lock.o)
                              C:/Users/amira/.pico-sdk/toolchain/13_2_Rel1/bin/../lib/gcc/arm-none-eabi/13.2.1/thumb/v6-m/nofp\libc.a(libc_a-mlock.o) (__retarget_lock_acquire_recursive)
C:/Users/amira/.pico-sdk/toolchain/13_2_Rel1/bin/../lib/gcc/arm-none-eabi/13.2.1/thumb/v6-m/nofp\libc.a(libc_a-sysconf.o)
                              C:/Users/amira/.pico-sdk/toolchain/13_2_Rel1/bin/../lib/gcc/arm-none-eabi/13.2.1/thumb/v6-m/nofp\libc.a(libc_a-mallocr.o) (sysconf)
C:/Users/amira/.pico-sdk/toolchain/13_2_Rel1/bin/../lib/gcc/arm-none-eabi/13.2.1/thumb/v6-m/nofp\libc.a(libc_a-strlen-stub.o)
                              CMakeFiles/temperatura.dir/temperatura.c.obj (strlen)
C:/Users/amira/.pico-sdk/toolchain/13_2_Rel1/bin/../lib/gcc/arm-none-eabi/13.2.1/thumb/v6-m/nofp\libc.a(libc_a-freer.o)
                              C:/Users/amira/.pico-sdk/toolchain/13_2_Rel1/bin/../lib/gcc/arm-none-eabi/13.2.1/thumb/v6-m/nofp\libc.a(libc_a-malloc.o) (_free_r)
[...]
Memory Configuration

Name             Origin             Length             Attributes
FLASH            0x10000000         0x00200000         xr
RAM              0x20000000         0x00040000         xrw
SCRATCH_X        0x20040000         0x00001000         xrw
SCRATCH_Y        0x20041000         0x00001000         xrw
*default*        0x00000000         0xffffffff

Linker script and memory map

LOAD C:/Users/amira/.pico-sdk/toolchain/13_2_Rel1/bin/../lib/gcc/arm-none-eabi/13.2.1/thumb/v6-m/nofp/crti.o
LOAD C:/Users/amira/.pico-sdk/toolchain/13_2_Rel1/bin/../lib/gcc/arm-none-eabi/13.2.1/thumb/v6-m/nofp/crtbegin.o
LOAD C:/Users/amira/.pico-sdk/toolchain/13_2_Rel1/bin/../lib/gcc/arm-none-eabi/13.2.1/thumb/v6-m/nofp/crt0.o

.flash_begin    0x10000000        0x0
                0x10000000                        __flash_binary_start = .

.boot2          0x10000000      0x100
                0x10000000                        __boot2_start__ = .
 *(.boot2)
 .boot2         0x10000000      0x100 C:\Users\amira\AppData\Local\Temp\cc05PSRY.o
                0x10000100                        __boot2_end__ = .
                0x00000001                        ASSERT (((__boot2_end__ - __boot2_start__) == 0x100), ERROR: Pico second stage bootloader must be 256 bytes in size)

.text           0x10000100     0x7570
                0x10000100                        __logical_binary_start = .
 *(.vectors)
 .vectors       0x10000100       0xd4 CMakeFiles/temperatura.dir/C_/Users/amira/.pico-sdk/sdk/1.5.1/src/rp2_common/pico_standard_link/crt0.S.obj
                0x10000100                __VECTOR_TABLE
                0x10000100                __vectors
                0x100001c0                isr_invalid
                0x100001c0                __default_isrs_start
                0x100001c2                isr_nmi
                0x100001c4                isr_hardfault
                0x100001c6                isr_svcall
                0x100001c8                isr_pendsv
                0x100001ca                isr_systick
                0x100001cc                isr_irq23
                0x100001cc                isr_irq18
                0x100001cc                isr_irq11
                0x100001cc                isr_irq28
                0x100001cc                isr_irq19
                0x100001cc                isr_irq0
                0x100001cc                isr_irq6
                0x100001cc                isr_irq5
                0x100001cc                isr_irq12
                0x100001cc                isr_irq22
                0x100001cc                isr_irq31
                0x100001cc                isr_irq17
                0x100001cc                isr_irq27
                0x100001cc                isr_irq30
                0x100001cc                isr_irq2
                0x100001cc                isr_irq10
                0x100001cc                isr_irq8
                0x100001cc                isr_irq24
                0x100001cc                isr_irq1
                0x100001cc                isr_irq7
                0x100001cc                isr_irq21
                0x100001cc                isr_irq20
                0x100001cc                isr_irq15
                0x100001cc                isr_irq25
                0x100001cc                isr_irq13
                0x100001cc                __unhandled_user_irq
                0x100001cc                isr_irq4
                0x100001cc                isr_irq16
                0x100001cc                isr_irq29
                0x100001cc                isr_irq26
                0x100001cc                __default_isrs_end
                0x100001cc                isr_irq3
                0x100001cc                isr_irq14
                0x100001cc                isr_irq9
                0x100001d2                unhandled_user_irq_num_in_r0
 *(.binary_info_header)
 .binary_info_header
                0x100001d4       0x14 CMakeFiles/temperatura.dir/C_/Users/amira/.pico-sdk/sdk/1.5.1/src/rp2_common/pico_standard_link/crt0.S.obj
                0x100001e8                        __binary_info_header_end = .
 *(.reset)
 .reset         0x100001e8       0xa0 CMakeFiles/temperatura.dir/C_/Users/amira/.pico-sdk/sdk/1.5.1/src/rp2_common/pico_standard_link/crt0.S.obj
                0x100001e8                _entry_point
 .reset         0x10000288       0x30 CMakeFiles/temperatura.dir/C_/Users/amira/.pico-sdk/sdk/1.5.1/src/rp2_common/pico_standard_link/binary_info.c.obj
 *(.init)
 .init          0x100002b8        0x4 C:/Users/amira/.pico-sdk/toolchain/13_2_Rel1/bin/../lib/gcc/arm-none-eabi/13.2.1/thumb/v6-m/nofp/crti.o
                0x100002b8                _init
 *(EXCLUDE_FILE(*libm.a: *libc.a:*lib_a-mem*.o *libgcc.a:) .text*)
 .text.register_tm_clones
                0x100002bc       0x28 C:/Users/amira/.pico-sdk/toolchain/13_2_Rel1/bin/../lib/gcc/arm-none-eabi/13.2.1/thumb/v6-m/nofp/crtbegin.o
 .text.frame_dummy
                0x100002e4       0x24 C:/Users/amira/.pico-sdk/toolchain/13_2_Rel1/bin/../lib/gcc/arm-none-eabi/13.2.1/thumb/v6-m/nofp/crtbegin.o
 .text.display_text.constprop.0
                0x10000308       0x68 CMakeFiles/temperatura.dir/temperatura.c.obj
 .text.display_countdown
                0x10000370       0x68 CMakeFiles/temperatura.dir/temperatura.c.obj
                0x10000370                display_countdown
 .text.display_text
                0x100003d8       0x64 CMakeFiles/temperatura.dir/temperatura.c.obj
                0x100003d8                display_text
 .text.startup.main
                0x1000043c      0x22c CMakeFiles/temperatura.dir/temperatura.c.obj
                0x1000043c                main
 .text.calculate_render_area_buffer_length
                0x10000668       0x18 CMakeFiles/temperatura.dir/inc/ssd1306_i2c.c.obj
                0x10000668                calculate_render_area_buffer_length
 .text.ssd1306_init
                0x10000680       0x58 CMakeFiles/temperatura.dir/inc/ssd1306_i2c.c.obj
                0x10000680                ssd1306_init
 .text.render_on_display
                0x100006d8       0x98 CMakeFiles/temperatura.dir/inc/ssd1306_i2c.c.obj
                0x100006d8                render_on_display
 .text.ssd1306_draw_string
                0x10000770       0xd8 CMakeFiles/temperatura.dir/inc/ssd1306_i2c.c.obj
                0x10000770                ssd1306_draw_string
 .text.gpio_set_function
                0x10000848       0x30 CMakeFiles/temperatura.dir/C_/Users/amira/.pico-sdk/sdk/1.5.1/src/rp2_common/hardware_gpio/gpio.c.obj
                0x10000848                gpio_set_function
 .text.gpio_set_pulls
                0x10000878       0x24 CMakeFiles/temperatura.dir/C_/Users/amira/.pico-sdk/sdk/1.5.1/src/rp2_common/hardware_gpio/gpio.c.obj
                0x10000878                gpio_set_pulls
 .text.gpio_init
                0x1000089c       0x3c CMakeFiles/temperatura.dir/C_/Users/amira/.pico-sdk/sdk/1.5.1/src/rp2_common/hardware_gpio/gpio.c.obj
                0x1000089c                gpio_init
 .text.running_on_fpga
                0x100008d8       0x10 CMakeFiles/temperatura.dir/C_/Users/amira/.pico-sdk/sdk/1.5.1/src/rp2_common/pico_platform/platform.c.obj
                0x100008d8                running_on_fpga
 .text.hw_claim_or_assert
                0x100008e8       0x44 CMakeFiles/temperatura.dir/C_/Users/amira/.pico-sdk/sdk/1.5.1/src/rp2_common/hardware_claim/claim.c.obj
                0x100008e8                hw_claim_or_assert
 .text.hw_claim_unused_from_range
                0x1000092c       0x9c CMakeFiles/temperatura.dir/C_/Users/amira/.pico-sdk/sdk/1.5.1/src/rp2_common/hardware_claim/claim.c.obj
                0x1000092c                hw_claim_unused_from_range
 .text.spin_locks_reset
                0x100009c8       0x1c CMakeFiles/temperatura.dir/C_/Users/amira/.pico-sdk/sdk/1.5.1/src/rp2_common/hardware_sync/sync.c.obj
                0x100009c8                spin_locks_reset
 .text.next_striped_spin_lock_num
                0x100009e4       0x18 CMakeFiles/temperatura.dir/C_/Users/amira/.pico-sdk/sdk/1.5.1/src/rp2_common/hardware_sync/sync.c.obj
                0x100009e4                next_striped_spin_lock_num
 .text.spin_lock_claim_unused
                0x100009fc       0x24 CMakeFiles/temperatura.dir/C_/Users/amira/.pico-sdk/sdk/1.5.1/src/rp2_common/hardware_sync/sync.c.obj
                0x100009fc                spin_lock_claim_unused
 .text.irq_set_enabled
                0x10000a20       0x24 CMakeFiles/temperatura.dir/C_/Users/amira/.pico-sdk/sdk/1.5.1/src/rp2_common/hardware_irq/irq.c.obj
                0x10000a20                irq_set_enabled
 .text.irq_set_pending
                0x10000a44       0x10 CMakeFiles/temperatura.dir/C_/Users/amira/.pico-sdk/sdk/1.5.1/src/rp2_common/hardware_irq/irq.c.obj
                0x10000a44                irq_set_pending
 .text.irq_has_shared_handler
                0x10000a54       0x2c CMakeFiles/temperatura.dir/C_/Users/amira/.pico-sdk/sdk/1.5.1/src/rp2_common/hardware_irq/irq.c.obj
                0x10000a54                irq_has_shared_handler
 .text.irq_get_vtable_handler
                0x10000a80       0x10 CMakeFiles/temperatura.dir/C_/Users/amira/.pico-sdk/sdk/1.5.1/src/rp2_common/hardware_irq/irq.c.obj
                0x10000a80                irq_get_vtable_handler
 .text.irq_set_exclusive_handler
                0x10000a90       0x54 CMakeFiles/temperatura.dir/C_/Users/amira/.pico-sdk/sdk/1.5.1/src/rp2_common/hardware_irq/irq.c.obj
                0x10000a90                irq_set_exclusive_handler
 .text.irq_add_shared_handler
                0x10000ae4      0x1f4 CMakeFiles/temperatura.dir/C_/Users/amira/.pico-sdk/sdk/1.5.1/src/rp2_common/hardware_irq/irq.c.obj
                0x10000ae4                irq_add_shared_handler
 .text.irq_remove_handler
                0x10000cd8      0x1c4 CMakeFiles/temperatura.dir/C_/Users/amira/.pico-sdk/sdk/1.5.1/src/rp2_common/hardware_irq/irq.c.obj
                0x10000cd8                irq_remove_handler
 .text.irq_add_tail_to_free_list
                0x10000e9c       0xb4 CMakeFiles/temperatura.dir/C_/Users/amira/.pico-sdk/sdk/1.5.1/src/rp2_common/hardware_irq/irq.c.obj
                0x10000e9c                irq_add_tail_to_free_list
 .text.irq_init_priorities
                0x10000f50       0x24 CMakeFiles/temperatura.dir/C_/Users/amira/.pico-sdk/sdk/1.5.1/src/rp2_common/hardware_irq/irq.c.obj
                0x10000f50                irq_init_priorities
 .text.user_irq_claim_unused
                0x10000f74       0x2c CMakeFiles/temperatura.dir/C_/Users/amira/.pico-sdk/sdk/1.5.1/src/rp2_common/hardware_irq/irq.c.obj
                0x10000f74                user_irq_claim_unused
 .text.lock_init
                0x10000fa0       0x10 CMakeFiles/temperatura.dir/C_/Users/amira/.pico-sdk/sdk/1.5.1/src/common/pico_sync/lock_core.c.obj
                0x10000fa0                lock_init
 .text.mutex_init
                0x10000fb0       0x1c CMakeFiles/temperatura.dir/C_/Users/amira/.pico-sdk/sdk/1.5.1/src/common/pico_sync/mutex.c.obj
                0x10000fb0                mutex_init
 .text.recursive_mutex_init
                0x10000fcc       0x1c CMakeFiles/temperatura.dir/C_/Users/amira/.pico-sdk/sdk/1.5.1/src/common/pico_sync/mutex.c.obj
                0x10000fcc                recursive_mutex_init
 .text.critical_section_init
                0x10000fe8       0x1c CMakeFiles/temperatura.dir/C_/Users/amira/.pico-sdk/sdk/1.5.1/src/common/pico_sync/critical_section.c.obj
                0x10000fe8                critical_section_init
 .text.critical_section_init_with_lock_num
                0x10001004       0x14 CMakeFiles/temperatura.dir/C_/Users/amira/.pico-sdk/sdk/1.5.1/src/common/pico_sync/critical_section.c.obj
                0x10001004                critical_section_init_with_lock_num
 .text.timer_pool_entry_comparator
                0x10001018       0x34 CMakeFiles/temperatura.dir/C_/Users/amira/.pico-sdk/sdk/1.5.1/src/common/pico_time/time.c.obj
                0x10001018                timer_pool_entry_comparator
 .text.sleep_until_callback
                0x1000104c       0x30 CMakeFiles/temperatura.dir/C_/Users/amira/.pico-sdk/sdk/1.5.1/src/common/pico_time/time.c.obj
 .text.add_alarm_under_lock.isra.0
                0x1000107c      0x100 CMakeFiles/temperatura.dir/C_/Users/amira/.pico-sdk/sdk/1.5.1/src/common/pico_time/time.c.obj
 .text.alarm_pool_alarm_callback
                0x1000117c      0x1c0 CMakeFiles/temperatura.dir/C_/Users/amira/.pico-sdk/sdk/1.5.1/src/common/pico_time/time.c.obj
 .text.alarm_pool_init_default
                0x1000133c       0x6c CMakeFiles/temperatura.dir/C_/Users/amira/.pico-sdk/sdk/1.5.1/src/common/pico_time/time.c.obj
                0x1000133c                alarm_pool_init_default
 .text.alarm_pool_get_default
                0x100013a8        0x8 CMakeFiles/temperatura.dir/C_/Users/amira/.pico-sdk/sdk/1.5.1/src/common/pico_time/time.c.obj
                0x100013a8                alarm_pool_get_default
 .text.alarm_pool_add_alarm_at
                0x100013b0      0x17c CMakeFiles/temperatura.dir/C_/Users/amira/.pico-sdk/sdk/1.5.1/src/common/pico_time/time.c.obj
                0x100013b0                alarm_pool_add_alarm_at
 .text.alarm_pool_core_num
                0x1000152c        0x4 CMakeFiles/temperatura.dir/C_/Users/amira/.pico-sdk/sdk/1.5.1/src/common/pico_time/time.c.obj
                0x1000152c                alarm_pool_core_num
 .text.sleep_until
                0x10001530       0xc4 CMakeFiles/temperatura.dir/C_/Users/amira/.pico-sdk/sdk/1.5.1/src/common/pico_time/time.c.obj
                0x10001530                sleep_until
 .text.sleep_ms
                0x100015f4       0x38 CMakeFiles/temperatura.dir/C_/Users/amira/.pico-sdk/sdk/1.5.1/src/common/pico_time/time.c.obj
                0x100015f4                sleep_ms
 .text.best_effort_wfe_or_timeout
                0x1000162c       0xcc CMakeFiles/temperatura.dir/C_/Users/amira/.pico-sdk/sdk/1.5.1/src/common/pico_time/time.c.obj
                0x1000162c                best_effort_wfe_or_timeout
 .text.hardware_alarm_irq_handler
                0x100016f8       0xbc CMakeFiles/temperatura.dir/C_/Users/amira/.pico-sdk/sdk/1.5.1/src/rp2_common/hardware_timer/timer.c.obj
 .text.hardware_alarm_claim
                0x100017b4       0x18 CMakeFiles/temperatura.dir/C_/Users/amira/.pico-sdk/sdk/1.5.1/src/rp2_common/hardware_timer/timer.c.obj
                0x100017b4                hardware_alarm_claim
 .text.time_us_64
                0x100017cc       0x14 CMakeFiles/temperatura.dir/C_/Users/amira/.pico-sdk/sdk/1.5.1/src/rp2_common/hardware_timer/timer.c.obj
                0x100017cc                time_us_64
 .text.busy_wait_until
                0x100017e0       0x20 CMakeFiles/temperatura.dir/C_/Users/amira/.pico-sdk/sdk/1.5.1/src/rp2_common/hardware_timer/timer.c.obj
                0x100017e0                busy_wait_until
 .text.hardware_alarm_set_callback
                0x10001800       0x8c CMakeFiles/temperatura.dir/C_/Users/amira/.pico-sdk/sdk/1.5.1/src/rp2_common/hardware_timer/timer.c.obj
                0x10001800                hardware_alarm_set_callback
 .text.hardware_alarm_set_target
                0x1000188c       0xd0 CMakeFiles/temperatura.dir/C_/Users/amira/.pico-sdk/sdk/1.5.1/src/rp2_common/hardware_timer/timer.c.obj
                0x1000188c                hardware_alarm_set_target
 .text.hardware_alarm_cancel
                0x1000195c       0x3c CMakeFiles/temperatura.dir/C_/Users/amira/.pico-sdk/sdk/1.5.1/src/rp2_common/hardware_timer/timer.c.obj
                0x1000195c                hardware_alarm_cancel
 .text.ph_merge_nodes
                0x10001998       0x58 CMakeFiles/temperatura.dir/C_/Users/amira/.pico-sdk/sdk/1.5.1/src/common/pico_util/pheap.c.obj
 .text.ph_post_alloc_init
                0x100019f0       0x3c CMakeFiles/temperatura.dir/C_/Users/amira/.pico-sdk/sdk/1.5.1/src/common/pico_util/pheap.c.obj
                0x100019f0                ph_post_alloc_init
 .text.ph_merge_two_pass
                0x10001a2c       0x8c CMakeFiles/temperatura.dir/C_/Users/amira/.pico-sdk/sdk/1.5.1/src/common/pico_util/pheap.c.obj
                0x10001a2c                ph_merge_two_pass
 .text.ph_remove_any_head
                0x10001ab8      0x100 CMakeFiles/temperatura.dir/C_/Users/amira/.pico-sdk/sdk/1.5.1/src/common/pico_util/pheap.c.obj
 .text.ph_remove_head
                0x10001bb8      0x104 CMakeFiles/temperatura.dir/C_/Users/amira/.pico-sdk/sdk/1.5.1/src/common/pico_util/pheap.c.obj
                0x10001bb8                ph_remove_head
 .text.ph_remove_and_free_node
                0x10001cbc       0x78 CMakeFiles/temperatura.dir/C_/Users/amira/.pico-sdk/sdk/1.5.1/src/common/pico_util/pheap.c.obj
                0x10001cbc                ph_remove_and_free_node
 .text.clocks_init
                0x10001d34      0x2c8 CMakeFiles/temperatura.dir/C_/Users/amira/.pico-sdk/sdk/1.5.1/src/rp2_common/hardware_clocks/clocks.c.obj
                0x10001d34                clocks_init
 .text.clock_get_hz
                0x10001ffc        0xc CMakeFiles/temperatura.dir/C_/Users/amira/.pico-sdk/sdk/1.5.1/src/rp2_common/hardware_clocks/clocks.c.obj
                0x10001ffc                clock_get_hz
 .text.pll_init
                0x10002008       0xa4 CMakeFiles/temperatura.dir/C_/Users/amira/.pico-sdk/sdk/1.5.1/src/rp2_common/hardware_pll/pll.c.obj
                0x10002008                pll_init
 .text.watchdog_start_tick
                0x100020ac       0x10 CMakeFiles/temperatura.dir/C_/Users/amira/.pico-sdk/sdk/1.5.1/src/rp2_common/hardware_watchdog/watchdog.c.obj
                0x100020ac                watchdog_start_tick
 .text.watchdog_reboot
                0x100020bc       0x9c CMakeFiles/temperatura.dir/C_/Users/amira/.pico-sdk/sdk/1.5.1/src/rp2_common/hardware_watchdog/watchdog.c.obj
                0x100020bc                watchdog_reboot
 .text.xosc_init
                0x10002158       0x28 CMakeFiles/temperatura.dir/C_/Users/amira/.pico-sdk/sdk/1.5.1/src/rp2_common/hardware_xosc/xosc.c.obj
                0x10002158                xosc_init
 .text.runtime_init
                0x10002180       0xf0 CMakeFiles/temperatura.dir/C_/Users/amira/.pico-sdk/sdk/1.5.1/src/rp2_common/pico_runtime/runtime.c.obj
                0x10002180                runtime_init
 .text._exit    0x10002270        0x4 CMakeFiles/temperatura.dir/C_/Users/amira/.pico-sdk/sdk/1.5.1/src/rp2_common/pico_runtime/runtime.c.obj
                0x10002270                _exit
 .text._sbrk    0x10002274       0x34 CMakeFiles/temperatura.dir/C_/Users/amira/.pico-sdk/sdk/1.5.1/src/rp2_common/pico_runtime/runtime.c.obj
                0x10002274                _sbrk
 .text.exit     0x100022a8        0x8 CMakeFiles/temperatura.dir/C_/Users/amira/.pico-sdk/sdk/1.5.1/src/rp2_common/pico_runtime/runtime.c.obj
                0x100022a8                exit
 .text.panic    0x100022b0       0x30 CMakeFiles/temperatura.dir/C_/Users/amira/.pico-sdk/sdk/1.5.1/src/rp2_common/pico_runtime/runtime.c.obj
                0x100022b0                panic
 .text.hard_assertion_failure
                0x100022e0        0xc CMakeFiles/temperatura.dir/C_/Users/amira/.pico-sdk/sdk/1.5.1/src/rp2_common/pico_runtime/runtime.c.obj
                0x100022e0                hard_assertion_failure
 .text._out_buffer
                0x100022ec        0x8 CMakeFiles/temperatura.dir/C_/Users/amira/.pico-sdk/sdk/1.5.1/src/rp2_common/pico_printf/printf.c.obj
 .text._out_null
                0x100022f4        0x4 CMakeFiles/temperatura.dir/C_/Users/amira/.pico-sdk/sdk/1.5.1/src/rp2_common/pico_printf/printf.c.obj
 .text._out_rev
                0x100022f8       0xac CMakeFiles/temperatura.dir/C_/Users/amira/.pico-sdk/sdk/1.5.1/src/rp2_common/pico_printf/printf.c.obj
 .text._ntoa_format
                0x100023a4      0x250 CMakeFiles/temperatura.dir/C_/Users/amira/.pico-sdk/sdk/1.5.1/src/rp2_common/pico_printf/printf.c.obj
 .text._out_char
                0x100025f4       0x10 CMakeFiles/temperatura.dir/C_/Users/amira/.pico-sdk/sdk/1.5.1/src/rp2_common/pico_printf/printf.c.obj
 .text._out_fct
                0x10002604       0x10 CMakeFiles/temperatura.dir/C_/Users/amira/.pico-sdk/sdk/1.5.1/src/rp2_common/pico_printf/printf.c.obj
 .text._etoa    0x10002614      0x464 CMakeFiles/temperatura.dir/C_/Users/amira/.pico-sdk/sdk/1.5.1/src/rp2_common/pico_printf/printf.c.obj
 .text._ftoa    0x10002a78      0x3c0 CMakeFiles/temperatura.dir/C_/Users/amira/.pico-sdk/sdk/1.5.1/src/rp2_common/pico_printf/printf.c.obj
 .text._vsnprintf
                0x10002e38      0xbc8 CMakeFiles/temperatura.dir/C_/Users/amira/.pico-sdk/sdk/1.5.1/src/rp2_common/pico_printf/printf.c.obj
 .text.__wrap_sprintf
                0x10003a00       0x2c CMakeFiles/temperatura.dir/C_/Users/amira/.pico-sdk/sdk/1.5.1/src/rp2_common/pico_printf/printf.c.obj
                0x10003a00                __wrap_sprintf
 .text.vfctprintf
                0x10003a2c       0x20 CMakeFiles/temperatura.dir/C_/Users/amira/.pico-sdk/sdk/1.5.1/src/rp2_common/pico_printf/printf.c.obj
                0x10003a2c                vfctprintf
 .text.weak_raw_vprintf
                0x10003a4c       0x30 CMakeFiles/temperatura.dir/C_/Users/amira/.pico-sdk/sdk/1.5.1/src/rp2_common/pico_printf/printf.c.obj
                0x10003a4c                weak_raw_vprintf
 .text          0x10003a7c       0x10 CMakeFiles/temperatura.dir/C_/Users/amira/.pico-sdk/sdk/1.5.1/src/rp2_common/pico_bit_ops/bit_ops_aeabi.S.obj
 .text.rom_func_lookup
                0x10003a8c       0x10 CMakeFiles/temperatura.dir/C_/Users/amira/.pico-sdk/sdk/1.5.1/src/rp2_common/pico_bootrom/bootrom.c.obj
                0x10003a8c                rom_func_lookup
 .text.rom_data_lookup
                0x10003a9c       0x10 CMakeFiles/temperatura.dir/C_/Users/amira/.pico-sdk/sdk/1.5.1/src/rp2_common/pico_bootrom/bootrom.c.obj
                0x10003a9c                rom_data_lookup
 .text.rom_funcs_lookup
                0x10003aac       0x44 CMakeFiles/temperatura.dir/C_/Users/amira/.pico-sdk/sdk/1.5.1/src/rp2_common/pico_bootrom/bootrom.c.obj
                0x10003aac                rom_funcs_lookup
 .text.__wrap___aeabi_idiv
                0x10003af0       0x50 CMakeFiles/temperatura.dir/C_/Users/amira/.pico-sdk/sdk/1.5.1/src/rp2_common/pico_divider/divider.S.obj
                0x10003af0                __wrap___aeabi_idivmod
                0x10003af0                divmod_s32s32
                0x10003af0                div_s32s32
                0x10003af0                __wrap___aeabi_idiv
                0x10003af8                divmod_s32s32_unsafe
                0x10003b24                divmod_s32s32_savestate
 .text.__wrap___aeabi_uidiv
                0x10003b40       0x4c CMakeFiles/temperatura.dir/C_/Users/amira/.pico-sdk/sdk/1.5.1/src/rp2_common/pico_divider/divider.S.obj
                0x10003b40                __wrap___aeabi_uidiv
                0x10003b40                __wrap___aeabi_uidivmod
                0x10003b40                div_u32u32
                0x10003b40                divmod_u32u32
                0x10003b48                divmod_u32u32_unsafe
                0x10003b70                divmod_u32u32_savestate
 .text.__wrap___aeabi_ldiv
                0x10003b8c      0x424 CMakeFiles/temperatura.dir/C_/Users/amira/.pico-sdk/sdk/1.5.1/src/rp2_common/pico_divider/divider.S.obj
                0x10003b8c                div_s64s64
                0x10003b8c                divmod_s64s64
                0x10003b8c                __wrap___aeabi_ldivmod
                0x10003bbc                divmod_u64u64
                0x10003bbc                div_u64u64
                0x10003bbc                __wrap___aeabi_uldivmod
                0x10003bcc                divmod_u64u64_savestate
                0x10003bec                divmod_s64s64_unsafe
                0x10003c74                divmod_u64u64_unsafe
 .text.__wrap___aeabi_darithmetic
                0x10003fb0       0x60 CMakeFiles/temperatura.dir/C_/Users/amira/.pico-sdk/sdk/1.5.1/src/rp2_common/pico_double/double_aeabi.S.obj
                0x10003fb0                __wrap___aeabi_drsub
                0x10003fb6                __wrap___aeabi_dsub
                0x10003fc0                __wrap___aeabi_dadd
                0x10003fca                __wrap___aeabi_ddiv
                0x10003ffe                __wrap___aeabi_dmul
 .text.__wrap___aeabi_cdcmple
                0x10004010       0x6c CMakeFiles/temperatura.dir/C_/Users/amira/.pico-sdk/sdk/1.5.1/src/rp2_common/pico_double/double_aeabi.S.obj
                0x10004010                __wrap___aeabi_cdrcmple
                0x10004020                __wrap___aeabi_cdcmpeq
                0x10004020                __wrap___aeabi_cdcmple
 .text.__wrap___aeabi_dcmplt
                0x1000407c        0xc CMakeFiles/temperatura.dir/C_/Users/amira/.pico-sdk/sdk/1.5.1/src/rp2_common/pico_double/double_aeabi.S.obj
                0x1000407c                __wrap___aeabi_dcmplt
 .text.__wrap___aeabi_dcmpge
                0x10004088       0x10 CMakeFiles/temperatura.dir/C_/Users/amira/.pico-sdk/sdk/1.5.1/src/rp2_common/pico_double/double_aeabi.S.obj
                0x10004088                __wrap___aeabi_dcmpge
 .text.__wrap___aeabi_dcmpgt
                0x10004098        0xa CMakeFiles/temperatura.dir/C_/Users/amira/.pico-sdk/sdk/1.5.1/src/rp2_common/pico_double/double_aeabi.S.obj
                0x10004098                __wrap___aeabi_dcmpgt
 .text.__wrap___aeabi_dcmpun
                0x100040a2       0x1c CMakeFiles/temperatura.dir/C_/Users/amira/.pico-sdk/sdk/1.5.1/src/rp2_common/pico_double/double_aeabi.S.obj
                0x100040a2                __wrap___aeabi_dcmpun
 *fill*         0x100040be        0x2 
 .text.__wrap___aeabi_i2d
                0x100040c0       0x38 CMakeFiles/temperatura.dir/C_/Users/amira/.pico-sdk/sdk/1.5.1/src/rp2_common/pico_double/double_aeabi.S.obj
                0x100040c0                __wrap___aeabi_ui2d
                0x100040c8                __wrap___aeabi_i2d
 .text.__wrap___aeabi_d2iz
                0x100040f8       0x48 CMakeFiles/temperatura.dir/C_/Users/amira/.pico-sdk/sdk/1.5.1/src/rp2_common/pico_double/double_aeabi.S.obj
                0x100040f8                double2int_z
                0x100040f8                __wrap___aeabi_d2iz
 .text.__wrap___aeabi_d2uiz
                0x10004140       0x10 CMakeFiles/temperatura.dir/C_/Users/amira/.pico-sdk/sdk/1.5.1/src/rp2_common/pico_double/double_aeabi.S.obj
                0x10004140                __wrap___aeabi_d2uiz
                0x10004140                double2uint
 .text.__wrap___aeabi_d2f
                0x10004150       0x10 CMakeFiles/temperatura.dir/C_/Users/amira/.pico-sdk/sdk/1.5.1/src/rp2_common/pico_double/double_aeabi.S.obj
                0x10004150                __wrap___aeabi_d2f
 .text.missing_double_func_shim
                0x10004160        0xc CMakeFiles/temperatura.dir/C_/Users/amira/.pico-sdk/sdk/1.5.1/src/rp2_common/pico_double/double_init_rom.c.obj
 .text.__aeabi_double_init
                0x1000416c       0x94 CMakeFiles/temperatura.dir/C_/Users/amira/.pico-sdk/sdk/1.5.1/src/rp2_common/pico_double/double_init_rom.c.obj
                0x1000416c                __aeabi_double_init
 .text.double_table_shim_on_use_helper
                0x10004200       0x2c CMakeFiles/temperatura.dir/C_/Users/amira/.pico-sdk/sdk/1.5.1/src/rp2_common/pico_double/double_v1_rom_shim.S.obj
                0x10004200                double_table_shim_on_use_helper
 .text.__aeabi_lmul
                0x1000422c       0x32 CMakeFiles/temperatura.dir/C_/Users/amira/.pico-sdk/sdk/1.5.1/src/rp2_common/pico_int64_ops/pico_int64_ops_aeabi.S.obj
                0x1000422c                __wrap___aeabi_lmul
 *fill*         0x1000425e        0x2 
 .text.__wrap___aeabi_farithmetic
                0x10004260       0x48 CMakeFiles/temperatura.dir/C_/Users/amira/.pico-sdk/sdk/1.5.1/src/rp2_common/pico_float/float_aeabi.S.obj
                0x10004260                __wrap___aeabi_frsub
                0x10004266                __wrap___aeabi_fsub
                0x1000426c                __wrap___aeabi_fadd
                0x10004272                __wrap___aeabi_fdiv
                0x1000429a                __wrap___aeabi_fmul
 .text.__wrap___aeabi_cfcmple
                0x100042a8       0x50 CMakeFiles/temperatura.dir/C_/Users/amira/.pico-sdk/sdk/1.5.1/src/rp2_common/pico_float/float_aeabi.S.obj
                0x100042a8                __wrap___aeabi_cfrcmple
                0x100042b4                __wrap___aeabi_cfcmple
                0x100042b4                __wrap___aeabi_cfcmpeq
 .text.__wrap___aeabi_fcmpge
                0x100042f8       0x10 CMakeFiles/temperatura.dir/C_/Users/amira/.pico-sdk/sdk/1.5.1/src/rp2_common/pico_float/float_aeabi.S.obj
                0x100042f8                __wrap___aeabi_fcmpge
 .text.__wrap___aeabi_i2f
                0x10004308       0x44 CMakeFiles/temperatura.dir/C_/Users/amira/.pico-sdk/sdk/1.5.1/src/rp2_common/pico_float/float_aeabi.S.obj
                0x10004308                __wrap___aeabi_i2f
 .text.__wrap___aeabi_f2d
                0x1000434c        0xc CMakeFiles/temperatura.dir/C_/Users/amira/.pico-sdk/sdk/1.5.1/src/rp2_common/pico_float/float_aeabi.S.obj
                0x1000434c                __wrap___aeabi_f2d
 .text.missing_float_func_shim
                0x10004358        0xc CMakeFiles/temperatura.dir/C_/Users/amira/.pico-sdk/sdk/1.5.1/src/rp2_common/pico_float/float_init_rom.c.obj
 .text.__aeabi_float_init
                0x10004364       0x5c CMakeFiles/temperatura.dir/C_/Users/amira/.pico-sdk/sdk/1.5.1/src/rp2_common/pico_float/float_init_rom.c.obj
                0x10004364                __aeabi_float_init
 .text.__wrap_malloc
                0x100043c0       0x24 CMakeFiles/temperatura.dir/C_/Users/amira/.pico-sdk/sdk/1.5.1/src/rp2_common/pico_malloc/pico_malloc.c.obj
                0x100043c0                __wrap_malloc
 .text.__wrap_free
                0x100043e4        0x8 CMakeFiles/temperatura.dir/C_/Users/amira/.pico-sdk/sdk/1.5.1/src/rp2_common/pico_malloc/pico_malloc.c.obj
                0x100043e4                __wrap_free
 .text          0x100043ec       0x10 CMakeFiles/temperatura.dir/C_/Users/amira/.pico-sdk/sdk/1.5.1/src/rp2_common/pico_mem_ops/mem_ops_aeabi.S.obj
                0x100043ec                __aeabi_mem_init
 .text.memset   0x100043fc        0xc CMakeFiles/temperatura.dir/C_/Users/amira/.pico-sdk/sdk/1.5.1/src/rp2_common/pico_mem_ops/mem_ops_aeabi.S.obj
                0x100043fc                __wrap_memset
 .text.memcpy   0x10004408        0xc CMakeFiles/temperatura.dir/C_/Users/amira/.pico-sdk/sdk/1.5.1/src/rp2_common/pico_mem_ops/mem_ops_aeabi.S.obj
                0x10004408                __wrap_memcpy
                0x10004408                __wrap___aeabi_memcpy
 .text.stdio_out_chars_crlf
                0x10004414       0x94 CMakeFiles/temperatura.dir/C_/Users/amira/.pico-sdk/sdk/1.5.1/src/rp2_common/pico_stdio/stdio.c.obj
 .text.stdio_buffered_printer
                0x100044a8       0x64 CMakeFiles/temperatura.dir/C_/Users/amira/.pico-sdk/sdk/1.5.1/src/rp2_common/pico_stdio/stdio.c.obj
 .text.__wrap_putchar
                0x1000450c       0x98 CMakeFiles/temperatura.dir/C_/Users/amira/.pico-sdk/sdk/1.5.1/src/rp2_common/pico_stdio/stdio.c.obj
                0x1000450c                __wrap_putchar
 .text.__wrap_puts
                0x100045a4       0xe0 CMakeFiles/temperatura.dir/C_/Users/amira/.pico-sdk/sdk/1.5.1/src/rp2_common/pico_stdio/stdio.c.obj
                0x100045a4                __wrap_puts
 .text.stdio_set_driver_enabled
                0x10004684       0x30 CMakeFiles/temperatura.dir/C_/Users/amira/.pico-sdk/sdk/1.5.1/src/rp2_common/pico_stdio/stdio.c.obj
                0x10004684                stdio_set_driver_enabled
 .text.__wrap_vprintf
                0x100046b4       0xd4 CMakeFiles/temperatura.dir/C_/Users/amira/.pico-sdk/sdk/1.5.1/src/rp2_common/pico_stdio/stdio.c.obj
                0x100046b4                __wrap_vprintf
 .text.__wrap_printf
                0x10004788       0x18 CMakeFiles/temperatura.dir/C_/Users/amira/.pico-sdk/sdk/1.5.1/src/rp2_common/pico_stdio/stdio.c.obj
                0x10004788                __wrap_printf
 .text.stdio_init_all
                0x100047a0        0x8 CMakeFiles/temperatura.dir/C_/Users/amira/.pico-sdk/sdk/1.5.1/src/rp2_common/pico_stdio/stdio.c.obj
                0x100047a0                stdio_init_all
 .text.resetd_init
                0x100047a8        0x4 CMakeFiles/temperatura.dir/C_/Users/amira/.pico-sdk/sdk/1.5.1/src/rp2_common/pico_stdio_usb/reset_interface.c.obj
 .text.resetd_reset
                0x100047ac        0xc CMakeFiles/temperatura.dir/C_/Users/amira/.pico-sdk/sdk/1.5.1/src/rp2_common/pico_stdio_usb/reset_interface.c.obj
 .text.resetd_open
                0x100047b8       0x28 CMakeFiles/temperatura.dir/C_/Users/amira/.pico-sdk/sdk/1.5.1/src/rp2_common/pico_stdio_usb/reset_interface.c.obj
 .text.resetd_xfer_cb
                0x100047e0        0x4 CMakeFiles/temperatura.dir/C_/Users/amira/.pico-sdk/sdk/1.5.1/src/rp2_common/pico_stdio_usb/reset_interface.c.obj
 .text.resetd_control_xfer_cb
                0x100047e4       0x60 CMakeFiles/temperatura.dir/C_/Users/amira/.pico-sdk/sdk/1.5.1/src/rp2_common/pico_stdio_usb/reset_interface.c.obj
 .text.usbd_app_driver_get_cb
                0x10004844        0xc CMakeFiles/temperatura.dir/C_/Users/amira/.pico-sdk/sdk/1.5.1/src/rp2_common/pico_stdio_usb/reset_interface.c.obj
                0x10004844                usbd_app_driver_get_cb
 .text.tud_cdc_line_coding_cb
                0x10004850       0x34 CMakeFiles/temperatura.dir/C_/Users/amira/.pico-sdk/sdk/1.5.1/src/rp2_common/pico_stdio_usb/reset_interface.c.obj
                0x10004850                tud_cdc_line_coding_cb
 .text.stdio_usb_set_chars_available_callback
                0x10004884       0x14 CMakeFiles/temperatura.dir/C_/Users/amira/.pico-sdk/sdk/1.5.1/src/rp2_common/pico_stdio_usb/stdio_usb.c.obj
                0x10004884                stdio_usb_set_chars_available_callback
 .text.usb_irq  0x10004898       0x10 CMakeFiles/temperatura.dir/C_/Users/amira/.pico-sdk/sdk/1.5.1/src/rp2_common/pico_stdio_usb/stdio_usb.c.obj
 .text.timer_task
                0x100048a8       0x54 CMakeFiles/temperatura.dir/C_/Users/amira/.pico-sdk/sdk/1.5.1/src/rp2_common/pico_stdio_usb/stdio_usb.c.obj
 .text.stdio_usb_in_chars
                0x100048fc       0x90 CMakeFiles/temperatura.dir/C_/Users/amira/.pico-sdk/sdk/1.5.1/src/rp2_common/pico_stdio_usb/stdio_usb.c.obj
                0x100048fc                stdio_usb_in_chars
 .text.stdio_usb_out_chars
                0x1000498c      0x104 CMakeFiles/temperatura.dir/C_/Users/amira/.pico-sdk/sdk/1.5.1/src/rp2_common/pico_stdio_usb/stdio_usb.c.obj
 .text.low_priority_worker_irq
                0x10004a90       0xa8 CMakeFiles/temperatura.dir/C_/Users/amira/.pico-sdk/sdk/1.5.1/src/rp2_common/pico_stdio_usb/stdio_usb.c.obj
 .text.tud_cdc_rx_cb
                0x10004b38       0x20 CMakeFiles/temperatura.dir/C_/Users/amira/.pico-sdk/sdk/1.5.1/src/rp2_common/pico_stdio_usb/stdio_usb.c.obj
                0x10004b38                tud_cdc_rx_cb
 .text.stdio_usb_init
                0x10004b58       0xe0 CMakeFiles/temperatura.dir/C_/Users/amira/.pico-sdk/sdk/1.5.1/src/rp2_common/pico_stdio_usb/stdio_usb.c.obj
                0x10004b58                stdio_usb_init
 .text.tud_descriptor_device_cb
                0x10004c38        0x8 CMakeFiles/temperatura.dir/C_/Users/amira/.pico-sdk/sdk/1.5.1/src/rp2_common/pico_stdio_usb/stdio_usb_descriptors.c.obj
                0x10004c38                tud_descriptor_device_cb
 .text.tud_descriptor_configuration_cb
                0x10004c40        0x8 CMakeFiles/temperatura.dir/C_/Users/amira/.pico-sdk/sdk/1.5.1/src/rp2_common/pico_stdio_usb/stdio_usb_descriptors.c.obj
                0x10004c40                tud_descriptor_configuration_cb
 .text.tud_descriptor_string_cb
                0x10004c48       0x78 CMakeFiles/temperatura.dir/C_/Users/amira/.pico-sdk/sdk/1.5.1/src/rp2_common/pico_stdio_usb/stdio_usb_descriptors.c.obj
                0x10004c48                tud_descriptor_string_cb
 .text.startup._retrieve_unique_id_on_boot
                0x10004cc0       0x10 CMakeFiles/temperatura.dir/C_/Users/amira/.pico-sdk/sdk/1.5.1/src/rp2_common/pico_unique_id/unique_id.c.obj
 .text.pico_get_unique_board_id_string
                0x10004cd0      0x1a8 CMakeFiles/temperatura.dir/C_/Users/amira/.pico-sdk/sdk/1.5.1/src/rp2_common/pico_unique_id/unique_id.c.obj
                0x10004cd0                pico_get_unique_board_id_string
 .text.flash_get_unique_id
                0x10004e78       0x3c CMakeFiles/temperatura.dir/C_/Users/amira/.pico-sdk/sdk/1.5.1/src/rp2_common/hardware_flash/flash.c.obj
                0x10004e78                flash_get_unique_id
 .text.dcd_int_enable
                0x10004eb4        0xc CMakeFiles/temperatura.dir/C_/Users/amira/.pico-sdk/sdk/1.5.1/lib/tinyusb/src/portable/raspberrypi/rp2040/dcd_rp2040.c.obj
                0x10004eb4                dcd_int_enable
 .text.dcd_set_address
                0x10004ec0       0x14 CMakeFiles/temperatura.dir/C_/Users/amira/.pico-sdk/sdk/1.5.1/lib/tinyusb/src/portable/raspberrypi/rp2040/dcd_rp2040.c.obj
                0x10004ec0                dcd_set_address
 .text.dcd_connect
                0x10004ed4       0x10 CMakeFiles/temperatura.dir/C_/Users/amira/.pico-sdk/sdk/1.5.1/lib/tinyusb/src/portable/raspberrypi/rp2040/dcd_rp2040.c.obj
                0x10004ed4                dcd_connect
 .text.dcd_init
                0x10004ee4       0x98 CMakeFiles/temperatura.dir/C_/Users/amira/.pico-sdk/sdk/1.5.1/lib/tinyusb/src/portable/raspberrypi/rp2040/dcd_rp2040.c.obj
                0x10004ee4                dcd_init
 .text.dcd_edpt0_status_complete
                0x10004f7c       0x1c CMakeFiles/temperatura.dir/C_/Users/amira/.pico-sdk/sdk/1.5.1/lib/tinyusb/src/portable/raspberrypi/rp2040/dcd_rp2040.c.obj
                0x10004f7c                dcd_edpt0_status_complete
 .text.dcd_edpt_open
                0x10004f98      0x108 CMakeFiles/temperatura.dir/C_/Users/amira/.pico-sdk/sdk/1.5.1/lib/tinyusb/src/portable/raspberrypi/rp2040/dcd_rp2040.c.obj
                0x10004f98                dcd_edpt_open
 .text.dcd_edpt_close_all
                0x100050a0        0x8 CMakeFiles/temperatura.dir/C_/Users/amira/.pico-sdk/sdk/1.5.1/lib/tinyusb/src/portable/raspberrypi/rp2040/dcd_rp2040.c.obj
                0x100050a0                dcd_edpt_close_all
 .text.dcd_edpt_xfer
                0x100050a8       0x24 CMakeFiles/temperatura.dir/C_/Users/amira/.pico-sdk/sdk/1.5.1/lib/tinyusb/src/portable/raspberrypi/rp2040/dcd_rp2040.c.obj
                0x100050a8                dcd_edpt_xfer
 .text.dcd_edpt_stall
                0x100050cc       0x34 CMakeFiles/temperatura.dir/C_/Users/amira/.pico-sdk/sdk/1.5.1/lib/tinyusb/src/portable/raspberrypi/rp2040/dcd_rp2040.c.obj
                0x100050cc                dcd_edpt_stall
 .text.dcd_edpt_clear_stall
                0x10005100       0x30 CMakeFiles/temperatura.dir/C_/Users/amira/.pico-sdk/sdk/1.5.1/lib/tinyusb/src/portable/raspberrypi/rp2040/dcd_rp2040.c.obj
                0x10005100                dcd_edpt_clear_stall
 .text.rp2040_usb_init
                0x10005130       0x4c CMakeFiles/temperatura.dir/C_/Users/amira/.pico-sdk/sdk/1.5.1/lib/tinyusb/src/portable/raspberrypi/rp2040/rp2040_usb.c.obj
                0x10005130                rp2040_usb_init
 .text.hw_endpoint_xfer_start
                0x1000517c       0x40 CMakeFiles/temperatura.dir/C_/Users/amira/.pico-sdk/sdk/1.5.1/lib/tinyusb/src/portable/raspberrypi/rp2040/rp2040_usb.c.obj
                0x1000517c                hw_endpoint_xfer_start
 .text.tud_mounted
                0x100051bc       0x10 CMakeFiles/temperatura.dir/C_/Users/amira/.pico-sdk/sdk/1.5.1/lib/tinyusb/src/device/usbd.c.obj
                0x100051bc                tud_mounted
 .text.tud_suspended
                0x100051cc       0x10 CMakeFiles/temperatura.dir/C_/Users/amira/.pico-sdk/sdk/1.5.1/lib/tinyusb/src/device/usbd.c.obj
                0x100051cc                tud_suspended
 .text.tud_inited
                0x100051dc       0x14 CMakeFiles/temperatura.dir/C_/Users/amira/.pico-sdk/sdk/1.5.1/lib/tinyusb/src/device/usbd.c.obj
                0x100051dc                tud_inited
 .text.tud_init
                0x100051f0       0xdc CMakeFiles/temperatura.dir/C_/Users/amira/.pico-sdk/sdk/1.5.1/lib/tinyusb/src/device/usbd.c.obj
                0x100051f0                tud_init
 .text.tud_task_ext
                0x100052cc      0x850 CMakeFiles/temperatura.dir/C_/Users/amira/.pico-sdk/sdk/1.5.1/lib/tinyusb/src/device/usbd.c.obj
                0x100052cc                tud_task_ext
 .text.usbd_open_edpt_pair
                0x10005b1c       0x9c CMakeFiles/temperatura.dir/C_/Users/amira/.pico-sdk/sdk/1.5.1/lib/tinyusb/src/device/usbd.c.obj
                0x10005b1c                usbd_open_edpt_pair
 .text.usbd_defer_func
                0x10005bb8       0x48 CMakeFiles/temperatura.dir/C_/Users/amira/.pico-sdk/sdk/1.5.1/lib/tinyusb/src/device/usbd.c.obj
                0x10005bb8                usbd_defer_func
 .text.usbd_edpt_open
                0x10005c00       0x34 CMakeFiles/temperatura.dir/C_/Users/amira/.pico-sdk/sdk/1.5.1/lib/tinyusb/src/device/usbd.c.obj
                0x10005c00                usbd_edpt_open
 .text.usbd_edpt_claim
                0x10005c34       0x28 CMakeFiles/temperatura.dir/C_/Users/amira/.pico-sdk/sdk/1.5.1/lib/tinyusb/src/device/usbd.c.obj
                0x10005c34                usbd_edpt_claim
 .text.usbd_edpt_release
                0x10005c5c       0x28 CMakeFiles/temperatura.dir/C_/Users/amira/.pico-sdk/sdk/1.5.1/lib/tinyusb/src/device/usbd.c.obj
                0x10005c5c                usbd_edpt_release
 .text.usbd_edpt_xfer
                0x10005c84       0x4c CMakeFiles/temperatura.dir/C_/Users/amira/.pico-sdk/sdk/1.5.1/lib/tinyusb/src/device/usbd.c.obj
                0x10005c84                usbd_edpt_xfer
 .text.tud_control_status
                0x10005cd0       0x2c CMakeFiles/temperatura.dir/C_/Users/amira/.pico-sdk/sdk/1.5.1/lib/tinyusb/src/device/usbd_control.c.obj
                0x10005cd0                tud_control_status
 .text.tud_control_xfer
                0x10005cfc       0xac CMakeFiles/temperatura.dir/C_/Users/amira/.pico-sdk/sdk/1.5.1/lib/tinyusb/src/device/usbd_control.c.obj
                0x10005cfc                tud_control_xfer
 .text.usbd_control_reset
                0x10005da8       0x14 CMakeFiles/temperatura.dir/C_/Users/amira/.pico-sdk/sdk/1.5.1/lib/tinyusb/src/device/usbd_control.c.obj
                0x10005da8                usbd_control_reset
 .text.usbd_control_set_complete_callback
                0x10005dbc        0xc CMakeFiles/temperatura.dir/C_/Users/amira/.pico-sdk/sdk/1.5.1/lib/tinyusb/src/device/usbd_control.c.obj
                0x10005dbc                usbd_control_set_complete_callback
 .text.usbd_control_set_request
                0x10005dc8       0x1c CMakeFiles/temperatura.dir/C_/Users/amira/.pico-sdk/sdk/1.5.1/lib/tinyusb/src/device/usbd_control.c.obj
                0x10005dc8                usbd_control_set_request
 .text.usbd_control_xfer_cb
                0x10005de4       0xf4 CMakeFiles/temperatura.dir/C_/Users/amira/.pico-sdk/sdk/1.5.1/lib/tinyusb/src/device/usbd_control.c.obj
                0x10005de4                usbd_control_xfer_cb
 .text.tud_cdc_n_connected
                0x10005ed8       0x30 CMakeFiles/temperatura.dir/C_/Users/amira/.pico-sdk/sdk/1.5.1/lib/tinyusb/src/class/cdc/cdc_device.c.obj
                0x10005ed8                tud_cdc_n_connected
 .text.tud_cdc_n_available
                0x10005f08       0x18 CMakeFiles/temperatura.dir/C_/Users/amira/.pico-sdk/sdk/1.5.1/lib/tinyusb/src/class/cdc/cdc_device.c.obj
                0x10005f08                tud_cdc_n_available
 .text.tud_cdc_n_read
                0x10005f20       0x70 CMakeFiles/temperatura.dir/C_/Users/amira/.pico-sdk/sdk/1.5.1/lib/tinyusb/src/class/cdc/cdc_device.c.obj
                0x10005f20                tud_cdc_n_read
 .text.tud_cdc_n_write_flush
                0x10005f90       0x78 CMakeFiles/temperatura.dir/C_/Users/amira/.pico-sdk/sdk/1.5.1/lib/tinyusb/src/class/cdc/cdc_device.c.obj
                0x10005f90                tud_cdc_n_write_flush
 .text.tud_cdc_n_write
                0x10006008       0x34 CMakeFiles/temperatura.dir/C_/Users/amira/.pico-sdk/sdk/1.5.1/lib/tinyusb/src/class/cdc/cdc_device.c.obj
                0x10006008                tud_cdc_n_write
 .text.tud_cdc_n_write_available
                0x1000603c       0x18 CMakeFiles/temperatura.dir/C_/Users/amira/.pico-sdk/sdk/1.5.1/lib/tinyusb/src/class/cdc/cdc_device.c.obj
                0x1000603c                tud_cdc_n_write_available
 .text.cdcd_init
                0x10006054       0x7c CMakeFiles/temperatura.dir/C_/Users/amira/.pico-sdk/sdk/1.5.1/lib/tinyusb/src/class/cdc/cdc_device.c.obj
                0x10006054                cdcd_init
 .text.cdcd_reset
                0x100060d0       0x2c CMakeFiles/temperatura.dir/C_/Users/amira/.pico-sdk/sdk/1.5.1/lib/tinyusb/src/class/cdc/cdc_device.c.obj
                0x100060d0                cdcd_reset
 .text.cdcd_open
                0x100060fc       0xe4 CMakeFiles/temperatura.dir/C_/Users/amira/.pico-sdk/sdk/1.5.1/lib/tinyusb/src/class/cdc/cdc_device.c.obj
                0x100060fc                cdcd_open
 .text.cdcd_control_xfer_cb
                0x100061e0       0xe4 CMakeFiles/temperatura.dir/C_/Users/amira/.pico-sdk/sdk/1.5.1/lib/tinyusb/src/class/cdc/cdc_device.c.obj
                0x100061e0                cdcd_control_xfer_cb
 .text.cdcd_xfer_cb
                0x100062c4      0x13c CMakeFiles/temperatura.dir/C_/Users/amira/.pico-sdk/sdk/1.5.1/lib/tinyusb/src/class/cdc/cdc_device.c.obj
                0x100062c4                cdcd_xfer_cb
 .text.tusb_init
                0x10006400        0xc CMakeFiles/temperatura.dir/C_/Users/amira/.pico-sdk/sdk/1.5.1/lib/tinyusb/src/tusb.c.obj
                0x10006400                tusb_init
 .text.tusb_inited
                0x1000640c        0x8 CMakeFiles/temperatura.dir/C_/Users/amira/.pico-sdk/sdk/1.5.1/lib/tinyusb/src/tusb.c.obj
                0x1000640c                tusb_inited
 .text.tu_edpt_claim
                0x10006414       0x50 CMakeFiles/temperatura.dir/C_/Users/amira/.pico-sdk/sdk/1.5.1/lib/tinyusb/src/tusb.c.obj
                0x10006414                tu_edpt_claim
 .text.tu_edpt_release
                0x10006464       0x38 CMakeFiles/temperatura.dir/C_/Users/amira/.pico-sdk/sdk/1.5.1/lib/tinyusb/src/tusb.c.obj
                0x10006464                tu_edpt_release
 .text.tu_edpt_validate
                0x1000649c       0x7c CMakeFiles/temperatura.dir/C_/Users/amira/.pico-sdk/sdk/1.5.1/lib/tinyusb/src/tusb.c.obj
                0x1000649c                tu_edpt_validate
 .text.tu_edpt_bind_driver
                0x10006518       0x34 CMakeFiles/temperatura.dir/C_/Users/amira/.pico-sdk/sdk/1.5.1/lib/tinyusb/src/tusb.c.obj
                0x10006518                tu_edpt_bind_driver
 .text.tu_fifo_config
                0x1000654c       0x6c CMakeFiles/temperatura.dir/C_/Users/amira/.pico-sdk/sdk/1.5.1/lib/tinyusb/src/common/tusb_fifo.c.obj
                0x1000654c                tu_fifo_config
 .text.tu_fifo_count
                0x100065b8       0x2c CMakeFiles/temperatura.dir/C_/Users/amira/.pico-sdk/sdk/1.5.1/lib/tinyusb/src/common/tusb_fifo.c.obj
                0x100065b8                tu_fifo_count
 .text.tu_fifo_empty
                0x100065e4       0x10 CMakeFiles/temperatura.dir/C_/Users/amira/.pico-sdk/sdk/1.5.1/lib/tinyusb/src/common/tusb_fifo.c.obj
                0x100065e4                tu_fifo_empty
 .text.tu_fifo_remaining
                0x100065f4       0x2c CMakeFiles/temperatura.dir/C_/Users/amira/.pico-sdk/sdk/1.5.1/lib/tinyusb/src/common/tusb_fifo.c.obj
                0x100065f4                tu_fifo_remaining
 .text.tu_fifo_read
                0x10006620       0x9c CMakeFiles/temperatura.dir/C_/Users/amira/.pico-sdk/sdk/1.5.1/lib/tinyusb/src/common/tusb_fifo.c.obj
                0x10006620                tu_fifo_read
 .text.tu_fifo_read_n
                0x100066bc       0xe8 CMakeFiles/temperatura.dir/C_/Users/amira/.pico-sdk/sdk/1.5.1/lib/tinyusb/src/common/tusb_fifo.c.obj
                0x100066bc                tu_fifo_read_n
 .text.tu_fifo_write
                0x100067a4       0xa8 CMakeFiles/temperatura.dir/C_/Users/amira/.pico-sdk/sdk/1.5.1/lib/tinyusb/src/common/tusb_fifo.c.obj
                0x100067a4                tu_fifo_write
 .text.tu_fifo_write_n
                0x1000684c      0x178 CMakeFiles/temperatura.dir/C_/Users/amira/.pico-sdk/sdk/1.5.1/lib/tinyusb/src/common/tusb_fifo.c.obj
                0x1000684c                tu_fifo_write_n
 .text.tu_fifo_clear
                0x100069c4       0x40 CMakeFiles/temperatura.dir/C_/Users/amira/.pico-sdk/sdk/1.5.1/lib/tinyusb/src/common/tusb_fifo.c.obj
                0x100069c4                tu_fifo_clear
 .text.tu_fifo_set_overwritable
                0x10006a04       0x48 CMakeFiles/temperatura.dir/C_/Users/amira/.pico-sdk/sdk/1.5.1/lib/tinyusb/src/common/tusb_fifo.c.obj
                0x10006a04                tu_fifo_set_overwritable
 .text.i2c_set_baudrate
                0x10006a4c       0xc4 CMakeFiles/temperatura.dir/C_/Users/amira/.pico-sdk/sdk/1.5.1/src/rp2_common/hardware_i2c/i2c.c.obj
                0x10006a4c                i2c_set_baudrate
 .text.i2c_init
                0x10006b10       0x50 CMakeFiles/temperatura.dir/C_/Users/amira/.pico-sdk/sdk/1.5.1/src/rp2_common/hardware_i2c/i2c.c.obj
                0x10006b10                i2c_init
 .text.i2c_write_blocking
                0x10006b60       0xd0 CMakeFiles/temperatura.dir/C_/Users/amira/.pico-sdk/sdk/1.5.1/src/rp2_common/hardware_i2c/i2c.c.obj
                0x10006b60                i2c_write_blocking
 .text.adc_init
                0x10006c30       0x38 CMakeFiles/temperatura.dir/C_/Users/amira/.pico-sdk/sdk/1.5.1/src/rp2_common/hardware_adc/adc.c.obj
                0x10006c30                adc_init
 .text.malloc   0x10006c68       0x14 C:/Users/amira/.pico-sdk/toolchain/13_2_Rel1/bin/../lib/gcc/arm-none-eabi/13.2.1/thumb/v6-m/nofp\libc.a(libc_a-malloc.o)
                0x10006c68                malloc
 .text.free     0x10006c7c       0x14 C:/Users/amira/.pico-sdk/toolchain/13_2_Rel1/bin/../lib/gcc/arm-none-eabi/13.2.1/thumb/v6-m/nofp\libc.a(libc_a-malloc.o)
                0x10006c7c                free
 .text._malloc_r
                0x10006c90      0x5c4 C:/Users/amira/.pico-sdk/toolchain/13_2_Rel1/bin/../lib/gcc/arm-none-eabi/13.2.1/thumb/v6-m/nofp\libc.a(libc_a-mallocr.o)
                0x10006c90                _malloc_r
 .text.__malloc_lock
                0x10007254       0x10 C:/Users/amira/.pico-sdk/toolchain/13_2_Rel1/bin/../lib/gcc/arm-none-eabi/13.2.1/thumb/v6-m/nofp\libc.a(libc_a-mlock.o)
                0x10007254                __malloc_lock
 .text.__malloc_unlock
                0x10007264       0x10 C:/Users/amira/.pico-sdk/toolchain/13_2_Rel1/bin/../lib/gcc/arm-none-eabi/13.2.1/thumb/v6-m/nofp\libc.a(libc_a-mlock.o)
                0x10007264                __malloc_unlock
 .text._sbrk_r  0x10007274       0x24 C:/Users/amira/.pico-sdk/toolchain/13_2_Rel1/bin/../lib/gcc/arm-none-eabi/13.2.1/thumb/v6-m/nofp\libc.a(libc_a-sbrkr.o)
                0x10007274                _sbrk_r
 .text.__errno  0x10007298        0xc C:/Users/amira/.pico-sdk/toolchain/13_2_Rel1/bin/../lib/gcc/arm-none-eabi/13.2.1/thumb/v6-m/nofp\libc.a(libc_a-errno.o)
                0x10007298                __errno
 .text.__retarget_lock_acquire_recursive
                0x100072a4        0x4 C:/Users/amira/.pico-sdk/toolchain/13_2_Rel1/bin/../lib/gcc/arm-none-eabi/13.2.1/thumb/v6-m/nofp\libc.a(libc_a-lock.o)
                0x100072a4                __retarget_lock_acquire_recursive
 .text.__retarget_lock_release_recursive
                0x100072a8        0x4 C:/Users/amira/.pico-sdk/toolchain/13_2_Rel1/bin/../lib/gcc/arm-none-eabi/13.2.1/thumb/v6-m/nofp\libc.a(libc_a-lock.o)
                0x100072a8                __retarget_lock_release_recursive
 .text.sysconf  0x100072ac       0x1c C:/Users/amira/.pico-sdk/toolchain/13_2_Rel1/bin/../lib/gcc/arm-none-eabi/13.2.1/thumb/v6-m/nofp\libc.a(libc_a-sysconf.o)
                0x100072ac                sysconf
 .text.strlen   0x100072c8       0x5c C:/Users/amira/.pico-sdk/toolchain/13_2_Rel1/bin/../lib/gcc/arm-none-eabi/13.2.1/thumb/v6-m/nofp\libc.a(libc_a-strlen-stub.o)
                0x100072c8                strlen
 .text._malloc_trim_r
                0x10007324       0xb4 C:/Users/amira/.pico-sdk/toolchain/13_2_Rel1/bin/../lib/gcc/arm-none-eabi/13.2.1/thumb/v6-m/nofp\libc.a(libc_a-freer.o)
                0x10007324                _malloc_trim_r
 .text._free_r  0x100073d8      0x1d4 C:/Users/amira/.pico-sdk/toolchain/13_2_Rel1/bin/../lib/gcc/arm-none-eabi/13.2.1/thumb/v6-m/nofp\libc.a(libc_a-freer.o)
                0x100073d8                _free_r
 *(.fini)
 .fini          0x100075ac        0x4 C:/Users/amira/.pico-sdk/toolchain/13_2_Rel1/bin/../lib/gcc/arm-none-eabi/13.2.1/thumb/v6-m/nofp/crti.o
                0x100075ac                _fini
 .fini.__stub   0x100075b0       0xc0 linker stubs
 *crtbegin.o(.ctors)
 *crtbegin?.o(.ctors)
 *(EXCLUDE_FILE(*crtend.o *crtend?.o) .ctors)
 *(SORT_BY_NAME(.ctors.*))
 *(.ctors)
 *crtbegin.o(.dtors)
 *crtbegin?.o(.dtors)
 *(EXCLUDE_FILE(*crtend.o *crtend?.o) .dtors)
 *(SORT_BY_NAME(.dtors.*))
 *(.dtors)
 *(.eh_frame*)
 .eh_frame      0x10007670        0x0 C:/Users/amira/.pico-sdk/toolchain/13_2_Rel1/bin/../lib/gcc/arm-none-eabi/13.2.1/thumb/v6-m/nofp/crtbegin.o
                0x10007670                        . = ALIGN (0x4)

.glue_7         0x10007670        0x0
 .glue_7        0x10007670        0x0 linker stubs

.glue_7t        0x10007670        0x0
 .glue_7t       0x10007670        0x0 linker stubs

.vfp11_veneer   0x10007670        0x0
 .vfp11_veneer  0x10007670        0x0 linker stubs

.v4_bx          0x10007670        0x0
 .v4_bx         0x10007670        0x0 linker stubs

.iplt           0x10007670        0x0
 .iplt          0x10007670        0x0 C:/Users/amira/.pico-sdk/toolchain/13_2_Rel1/bin/../lib/gcc/arm-none-eabi/13.2.1/thumb/v6-m/nofp/crtbegin.o

.rodata         0x10007670      0x7c0
 *(EXCLUDE_FILE(*libm.a: *libc.a:*lib_a-mem*.o *libgcc.a:) .rodata*)
 .rodata.display_text.constprop.0.str1.4
                0x10007670      0x20f CMakeFiles/temperatura.dir/temperatura.c.obj
                                  0xc (size before relaxing)
 .rodata.display_countdown.str1.4
                0x1000787f        0x3 CMakeFiles/temperatura.dir/temperatura.c.obj
 .rodata.main.str1.4
                0x1000787f       0x55 CMakeFiles/temperatura.dir/temperatura.c.obj
 *fill*         0x1000787f        0x1 
 .rodata.font   0x10007880      0x128 CMakeFiles/temperatura.dir/inc/ssd1306_i2c.c.obj
 .rodata        0x100079a8       0x1a CMakeFiles/temperatura.dir/inc/ssd1306_i2c.c.obj
 .rodata.spin_lock_claim_unused.str1.4
                0x100079c2       0x1b CMakeFiles/temperatura.dir/C_/Users/amira/.pico-sdk/sdk/1.5.1/src/rp2_common/hardware_sync/sync.c.obj
 .rodata.user_irq_claim_unused.str1.4
                0x100079c2       0x1b CMakeFiles/temperatura.dir/C_/Users/amira/.pico-sdk/sdk/1.5.1/src/rp2_common/hardware_irq/irq.c.obj
 .rodata.hardware_alarm_claim.str1.4
                0x100079c2       0x22 CMakeFiles/temperatura.dir/C_/Users/amira/.pico-sdk/sdk/1.5.1/src/rp2_common/hardware_timer/timer.c.obj
 .rodata.panic.str1.4
                0x100079c2       0x12 CMakeFiles/temperatura.dir/C_/Users/amira/.pico-sdk/sdk/1.5.1/src/rp2_common/pico_runtime/runtime.c.obj
 .rodata.hard_assertion_failure.str1.4
                0x100079c2        0xc CMakeFiles/temperatura.dir/C_/Users/amira/.pico-sdk/sdk/1.5.1/src/rp2_common/pico_runtime/runtime.c.obj
 .rodata._ftoa.str1.4
                0x100079c2       0x15 CMakeFiles/temperatura.dir/C_/Users/amira/.pico-sdk/sdk/1.5.1/src/rp2_common/pico_printf/printf.c.obj
 *fill*         0x100079c2        0x2 
 .rodata._vsnprintf
                0x100079c4      0x19c CMakeFiles/temperatura.dir/C_/Users/amira/.pico-sdk/sdk/1.5.1/src/rp2_common/pico_printf/printf.c.obj
 .rodata.pow10.0
                0x10007b60       0x50 CMakeFiles/temperatura.dir/C_/Users/amira/.pico-sdk/sdk/1.5.1/src/rp2_common/pico_printf/printf.c.obj
 .rodata.missing_double_func_shim.str1.4
                0x10007bb0       0x18 CMakeFiles/temperatura.dir/C_/Users/amira/.pico-sdk/sdk/1.5.1/src/rp2_common/pico_double/double_init_rom.c.obj
 .rodata.missing_float_func_shim.str1.4
                0x10007bb0        0x1 CMakeFiles/temperatura.dir/C_/Users/amira/.pico-sdk/sdk/1.5.1/src/rp2_common/pico_float/float_init_rom.c.obj
 .rodata.__wrap_malloc.str1.4
                0x10007bb0        0xe CMakeFiles/temperatura.dir/C_/Users/amira/.pico-sdk/sdk/1.5.1/src/rp2_common/pico_malloc/pico_malloc.c.obj
 .rodata.str1.4
                0x10007bb0       0x44 CMakeFiles/temperatura.dir/C_/Users/amira/.pico-sdk/sdk/1.5.1/src/rp2_common/pico_standard_link/binary_info.c.obj
 .rodata.__bi_81
                0x10007bb0        0xc CMakeFiles/temperatura.dir/C_/Users/amira/.pico-sdk/sdk/1.5.1/src/rp2_common/pico_standard_link/binary_info.c.obj
 .rodata.__bi_75
                0x10007bbc        0xc CMakeFiles/temperatura.dir/C_/Users/amira/.pico-sdk/sdk/1.5.1/src/rp2_common/pico_standard_link/binary_info.c.obj
 .rodata.__bi_56
                0x10007bc8        0xc CMakeFiles/temperatura.dir/C_/Users/amira/.pico-sdk/sdk/1.5.1/src/rp2_common/pico_standard_link/binary_info.c.obj
 .rodata.__bi_44
                0x10007bd4        0xc CMakeFiles/temperatura.dir/C_/Users/amira/.pico-sdk/sdk/1.5.1/src/rp2_common/pico_standard_link/binary_info.c.obj
 .rodata.crlf_str.0
                0x10007be0        0x2 CMakeFiles/temperatura.dir/C_/Users/amira/.pico-sdk/sdk/1.5.1/src/rp2_common/pico_stdio/stdio.c.obj
 *fill*         0x10007be2        0x2 
 .rodata._resetd_driver
                0x10007be4       0x18 CMakeFiles/temperatura.dir/C_/Users/amira/.pico-sdk/sdk/1.5.1/src/rp2_common/pico_stdio_usb/reset_interface.c.obj
 .rodata.str1.4
                0x10007bfc       0x13 CMakeFiles/temperatura.dir/C_/Users/amira/.pico-sdk/sdk/1.5.1/src/rp2_common/pico_stdio_usb/stdio_usb.c.obj
 .rodata.__bi_182.0
                0x10007bfc        0xc CMakeFiles/temperatura.dir/C_/Users/amira/.pico-sdk/sdk/1.5.1/src/rp2_common/pico_stdio_usb/stdio_usb.c.obj
 .rodata.str1.4
                0x10007c08       0x2a CMakeFiles/temperatura.dir/C_/Users/amira/.pico-sdk/sdk/1.5.1/src/rp2_common/pico_stdio_usb/stdio_usb_descriptors.c.obj
 .rodata.usbd_desc_str
                0x10007c08       0x18 CMakeFiles/temperatura.dir/C_/Users/amira/.pico-sdk/sdk/1.5.1/src/rp2_common/pico_stdio_usb/stdio_usb_descriptors.c.obj
 .rodata.usbd_desc_cfg
                0x10007c20       0x54 CMakeFiles/temperatura.dir/C_/Users/amira/.pico-sdk/sdk/1.5.1/src/rp2_common/pico_stdio_usb/stdio_usb_descriptors.c.obj
 .rodata.usbd_desc_device
                0x10007c74       0x12 CMakeFiles/temperatura.dir/C_/Users/amira/.pico-sdk/sdk/1.5.1/src/rp2_common/pico_stdio_usb/stdio_usb_descriptors.c.obj
 .rodata.str1.4
                0x10007c86       0x14 CMakeFiles/temperatura.dir/C_/Users/amira/.pico-sdk/sdk/1.5.1/lib/tinyusb/src/portable/raspberrypi/rp2040/dcd_rp2040.c.obj
 .rodata.str1.4
                0x10007c86       0x53 CMakeFiles/temperatura.dir/C_/Users/amira/.pico-sdk/sdk/1.5.1/lib/tinyusb/src/portable/raspberrypi/rp2040/rp2040_usb.c.obj
 *fill*         0x10007c86        0x2 
 .rodata.tud_task_ext
                0x10007c88       0x8c CMakeFiles/temperatura.dir/C_/Users/amira/.pico-sdk/sdk/1.5.1/lib/tinyusb/src/device/usbd.c.obj
 .rodata._usbd_driver
                0x10007d14       0x18 CMakeFiles/temperatura.dir/C_/Users/amira/.pico-sdk/sdk/1.5.1/lib/tinyusb/src/device/usbd.c.obj
 .rodata._ctype_
                0x10007d2c      0x101 C:/Users/amira/.pico-sdk/toolchain/13_2_Rel1/bin/../lib/gcc/arm-none-eabi/13.2.1/thumb/v6-m/nofp\libc.a(libc_a-ctype_.o)
                0x10007d2c                _ctype_
                0x10007e30                        . = ALIGN (0x4)
 *fill*         0x10007e2d        0x3 
 *(SORT_BY_ALIGNMENT(SORT_BY_NAME(.flashdata*)))
                0x10007e30                        . = ALIGN (0x4)

.ARM.extab
 *(.ARM.extab* .gnu.linkonce.armextab.*)
                0x10007e30                        __exidx_start = .

.ARM.exidx
 *(.ARM.exidx* .gnu.linkonce.armexidx.*)
                0x10007e30                        __exidx_end = .
                0x10007e30                        . = ALIGN (0x4)
                0x10007e30                        __binary_info_start = .

.binary_info    0x10007e30       0x24
 *(.binary_info.keep.*)
 .binary_info.keep.__bi_ptr81
                0x10007e30        0x4 CMakeFiles/temperatura.dir/C_/Users/amira/.pico-sdk/sdk/1.5.1/src/rp2_common/pico_standard_link/binary_info.c.obj
 .binary_info.keep.__bi_ptr75
                0x10007e34        0x4 CMakeFiles/temperatura.dir/C_/Users/amira/.pico-sdk/sdk/1.5.1/src/rp2_common/pico_standard_link/binary_info.c.obj
 .binary_info.keep.__bi_ptr56
                0x10007e38        0x4 CMakeFiles/temperatura.dir/C_/Users/amira/.pico-sdk/sdk/1.5.1/src/rp2_common/pico_standard_link/binary_info.c.obj
 .binary_info.keep.__bi_ptr50
                0x10007e3c        0x4 CMakeFiles/temperatura.dir/C_/Users/amira/.pico-sdk/sdk/1.5.1/src/rp2_common/pico_standard_link/binary_info.c.obj
 .binary_info.keep.__bi_ptr44
                0x10007e40        0x4 CMakeFiles/temperatura.dir/C_/Users/amira/.pico-sdk/sdk/1.5.1/src/rp2_common/pico_standard_link/binary_info.c.obj
 .binary_info.keep.__bi_ptr38
                0x10007e44        0x4 CMakeFiles/temperatura.dir/C_/Users/amira/.pico-sdk/sdk/1.5.1/src/rp2_common/pico_standard_link/binary_info.c.obj
 .binary_info.keep.__bi_ptr30
                0x10007e48        0x4 CMakeFiles/temperatura.dir/C_/Users/amira/.pico-sdk/sdk/1.5.1/src/rp2_common/pico_standard_link/binary_info.c.obj
 .binary_info.keep.__bi_ptr22
                0x10007e4c        0x4 CMakeFiles/temperatura.dir/C_/Users/amira/.pico-sdk/sdk/1.5.1/src/rp2_common/pico_standard_link/binary_info.c.obj
 *(.binary_info.*)
 .binary_info.__bi_ptr182
                0x10007e50        0x4 CMakeFiles/temperatura.dir/C_/Users/amira/.pico-sdk/sdk/1.5.1/src/rp2_common/pico_stdio_usb/stdio_usb.c.obj
                0x10007e54                        __binary_info_end = .

.rel.dyn        0x10007e54        0x0
 .rel.iplt      0x10007e54        0x0 C:/Users/amira/.pico-sdk/toolchain/13_2_Rel1/bin/../lib/gcc/arm-none-eabi/13.2.1/thumb/v6-m/nofp/crtbegin.o
                0x10007e54                        . = ALIGN (0x4)

.ram_vector_table
                0x20000000       0xc0
 *(.ram_vector_table)
 .ram_vector_table
                0x20000000       0xc0 CMakeFiles/temperatura.dir/C_/Users/amira/.pico-sdk/sdk/1.5.1/src/rp2_common/pico_runtime/runtime.c.obj
                0x20000000                ram_vector_table

.data           0x200000c0     0x1368 load address 0x10007e54
                0x200000c0                        __data_start__ = .
 *(vtable)
 *(.time_critical*)
 .time_critical.mutex_try_enter
                0x200000c0       0x40 CMakeFiles/temperatura.dir/C_/Users/amira/.pico-sdk/sdk/1.5.1/src/common/pico_sync/mutex.c.obj
                0x200000c0                mutex_try_enter
 .time_critical.mutex_try_enter_block_until
                0x20000100       0x9c CMakeFiles/temperatura.dir/C_/Users/amira/.pico-sdk/sdk/1.5.1/src/common/pico_sync/mutex.c.obj
                0x20000100                mutex_try_enter_block_until
 .time_critical.mutex_enter_timeout_ms
                0x2000019c       0x90 CMakeFiles/temperatura.dir/C_/Users/amira/.pico-sdk/sdk/1.5.1/src/common/pico_sync/mutex.c.obj
                0x2000019c                mutex_enter_timeout_ms
 .time_critical.mutex_exit
                0x2000022c       0x28 CMakeFiles/temperatura.dir/C_/Users/amira/.pico-sdk/sdk/1.5.1/src/common/pico_sync/mutex.c.obj
                0x2000022c                mutex_exit
 .time_critical.flash_init_boot2_copyout
                0x20000254       0x30 CMakeFiles/temperatura.dir/C_/Users/amira/.pico-sdk/sdk/1.5.1/src/rp2_common/hardware_flash/flash.c.obj
 .time_critical.flash_enable_xip_via_boot2
                0x20000284        0xc CMakeFiles/temperatura.dir/C_/Users/amira/.pico-sdk/sdk/1.5.1/src/rp2_common/hardware_flash/flash.c.obj
 .time_critical.flash_cs_force
                0x20000290       0x38 CMakeFiles/temperatura.dir/C_/Users/amira/.pico-sdk/sdk/1.5.1/src/rp2_common/hardware_flash/flash.c.obj
 .time_critical.flash_do_cmd
                0x200002c8       0xc0 CMakeFiles/temperatura.dir/C_/Users/amira/.pico-sdk/sdk/1.5.1/src/rp2_common/hardware_flash/flash.c.obj
                0x200002c8                flash_do_cmd
 .time_critical.reset_non_control_endpoints
                0x20000388       0x68 CMakeFiles/temperatura.dir/C_/Users/amira/.pico-sdk/sdk/1.5.1/lib/tinyusb/src/portable/raspberrypi/rp2040/dcd_rp2040.c.obj
 .time_critical.hw_handle_buff_status
                0x200003f0       0xb0 CMakeFiles/temperatura.dir/C_/Users/amira/.pico-sdk/sdk/1.5.1/lib/tinyusb/src/portable/raspberrypi/rp2040/dcd_rp2040.c.obj
 .time_critical.dcd_rp2040_irq
                0x200004a0      0x510 CMakeFiles/temperatura.dir/C_/Users/amira/.pico-sdk/sdk/1.5.1/lib/tinyusb/src/portable/raspberrypi/rp2040/dcd_rp2040.c.obj
 .time_critical.e15_is_bulkin_ep
                0x200009b0       0x28 CMakeFiles/temperatura.dir/C_/Users/amira/.pico-sdk/sdk/1.5.1/lib/tinyusb/src/portable/raspberrypi/rp2040/rp2040_usb.c.obj
 .time_critical.e15_is_critical_frame_period
                0x200009d8       0x34 CMakeFiles/temperatura.dir/C_/Users/amira/.pico-sdk/sdk/1.5.1/lib/tinyusb/src/portable/raspberrypi/rp2040/rp2040_usb.c.obj
 .time_critical.prepare_ep_buffer
                0x20000a0c       0x6c CMakeFiles/temperatura.dir/C_/Users/amira/.pico-sdk/sdk/1.5.1/lib/tinyusb/src/portable/raspberrypi/rp2040/rp2040_usb.c.obj
 .time_critical.sync_ep_buffer
                0x20000a78       0x48 CMakeFiles/temperatura.dir/C_/Users/amira/.pico-sdk/sdk/1.5.1/lib/tinyusb/src/portable/raspberrypi/rp2040/rp2040_usb.c.obj
 .time_critical._hw_endpoint_xfer_sync
                0x20000ac0       0x28 CMakeFiles/temperatura.dir/C_/Users/amira/.pico-sdk/sdk/1.5.1/lib/tinyusb/src/portable/raspberrypi/rp2040/rp2040_usb.c.obj
 .time_critical.hw_endpoint_reset_transfer
                0x20000ae8        0xc CMakeFiles/temperatura.dir/C_/Users/amira/.pico-sdk/sdk/1.5.1/lib/tinyusb/src/portable/raspberrypi/rp2040/rp2040_usb.c.obj
                0x20000ae8                hw_endpoint_reset_transfer
 .time_critical._hw_endpoint_buffer_control_update32
                0x20000af4       0x58 CMakeFiles/temperatura.dir/C_/Users/amira/.pico-sdk/sdk/1.5.1/lib/tinyusb/src/portable/raspberrypi/rp2040/rp2040_usb.c.obj
                0x20000af4                _hw_endpoint_buffer_control_update32
 .time_critical.hw_endpoint_start_next_buffer
                0x20000b4c       0x6c CMakeFiles/temperatura.dir/C_/Users/amira/.pico-sdk/sdk/1.5.1/lib/tinyusb/src/portable/raspberrypi/rp2040/rp2040_usb.c.obj
                0x20000b4c                hw_endpoint_start_next_buffer
 .time_critical.hw_endpoint_xfer_continue
                0x20000bb8       0x50 CMakeFiles/temperatura.dir/C_/Users/amira/.pico-sdk/sdk/1.5.1/lib/tinyusb/src/portable/raspberrypi/rp2040/rp2040_usb.c.obj
                0x20000bb8                hw_endpoint_xfer_continue
 .time_critical.tinyusb
                0x20000c08      0x16c CMakeFiles/temperatura.dir/C_/Users/amira/.pico-sdk/sdk/1.5.1/lib/tinyusb/src/device/usbd.c.obj
                0x20000c08                dcd_event_handler
 *(.text*)
 .text          0x20000d74        0x4 C:/Users/amira/.pico-sdk/toolchain/13_2_Rel1/bin/../lib/gcc/arm-none-eabi/13.2.1/thumb/v6-m/nofp\libgcc.a(_dvmd_tls.o)
                0x20000d74                __aeabi_idiv0
                0x20000d74                __aeabi_ldiv0
 .text.__stub   0x20000d78       0x70 linker stubs
                0x20000de8                        . = ALIGN (0x4)
 *(.rodata*)
                0x20000de8                        . = ALIGN (0x4)
 *(.data*)
 .data.striped_spin_lock_num
                0x20000de8        0x1 CMakeFiles/temperatura.dir/C_/Users/amira/.pico-sdk/sdk/1.5.1/src/rp2_common/hardware_sync/sync.c.obj
 *fill*         0x20000de9        0x3 
 .data          0x20000dec       0x48 CMakeFiles/temperatura.dir/C_/Users/amira/.pico-sdk/sdk/1.5.1/src/rp2_common/hardware_irq/irq_handler_chain.S.obj
                0x20000dec                irq_handler_chain_slots
                0x20000e1c                irq_handler_chain_first_slot
                0x20000e26                irq_handler_chain_remove_tail
 .data.default_alarm_pool
                0x20000e34       0x18 CMakeFiles/temperatura.dir/C_/Users/amira/.pico-sdk/sdk/1.5.1/src/common/pico_time/time.c.obj
 .data.default_alarm_pool_heap
                0x20000e4c       0x10 CMakeFiles/temperatura.dir/C_/Users/amira/.pico-sdk/sdk/1.5.1/src/common/pico_time/time.c.obj
 *fill*         0x20000e5c        0x4 
 .data.aeabi_bits_funcs
                0x20000e60       0x10 CMakeFiles/temperatura.dir/C_/Users/amira/.pico-sdk/sdk/1.5.1/src/rp2_common/pico_bit_ops/bit_ops_aeabi.S.obj
                0x20000e60                aeabi_bits_funcs
                0x20000e70                aeabi_bits_funcs_end
 .data.aeabi_mem_funcs
                0x20000e70       0x10 CMakeFiles/temperatura.dir/C_/Users/amira/.pico-sdk/sdk/1.5.1/src/rp2_common/pico_mem_ops/mem_ops_aeabi.S.obj
                0x20000e70                aeabi_mem_funcs
                0x20000e80                aeabi_mem_funcs_end
 .data.stdio_usb
                0x20000e80       0x18 CMakeFiles/temperatura.dir/C_/Users/amira/.pico-sdk/sdk/1.5.1/src/rp2_common/pico_stdio_usb/stdio_usb.c.obj
                0x20000e80                stdio_usb
 .data.ep_dir_string
                0x20000e98        0x8 CMakeFiles/temperatura.dir/C_/Users/amira/.pico-sdk/sdk/1.5.1/lib/tinyusb/src/portable/raspberrypi/rp2040/rp2040_usb.c.obj
                0x20000e98                ep_dir_string
 .data._usbd_qdef
                0x20000ea0       0x1c CMakeFiles/temperatura.dir/C_/Users/amira/.pico-sdk/sdk/1.5.1/lib/tinyusb/src/device/usbd.c.obj
                0x20000ea0                _usbd_qdef
 .data._usbd_rhport
                0x20000ebc        0x1 CMakeFiles/temperatura.dir/C_/Users/amira/.pico-sdk/sdk/1.5.1/lib/tinyusb/src/device/usbd.c.obj
 *fill*         0x20000ebd        0x3 
 .data.i2c1_inst
                0x20000ec0        0x8 CMakeFiles/temperatura.dir/C_/Users/amira/.pico-sdk/sdk/1.5.1/src/rp2_common/hardware_i2c/i2c.c.obj
                0x20000ec0                i2c1_inst
 .data.i2c0_inst
                0x20000ec8        0x8 CMakeFiles/temperatura.dir/C_/Users/amira/.pico-sdk/sdk/1.5.1/src/rp2_common/hardware_i2c/i2c.c.obj
                0x20000ec8                i2c0_inst
 .data.__malloc_sbrk_base
                0x20000ed0        0x4 C:/Users/amira/.pico-sdk/toolchain/13_2_Rel1/bin/../lib/gcc/arm-none-eabi/13.2.1/thumb/v6-m/nofp\libc.a(libc_a-mallocr.o)
                0x20000ed0                __malloc_sbrk_base
 .data.__malloc_trim_threshold
                0x20000ed4        0x4 C:/Users/amira/.pico-sdk/toolchain/13_2_Rel1/bin/../lib/gcc/arm-none-eabi/13.2.1/thumb/v6-m/nofp\libc.a(libc_a-mallocr.o)
                0x20000ed4                __malloc_trim_threshold
 .data.__malloc_av_
                0x20000ed8      0x408 C:/Users/amira/.pico-sdk/toolchain/13_2_Rel1/bin/../lib/gcc/arm-none-eabi/13.2.1/thumb/v6-m/nofp\libc.a(libc_a-mallocr.o)
                0x20000ed8                __malloc_av_
 .data._impure_ptr
                0x200012e0        0x4 C:/Users/amira/.pico-sdk/toolchain/13_2_Rel1/bin/../lib/gcc/arm-none-eabi/13.2.1/thumb/v6-m/nofp\libc.a(libc_a-impure.o)
                0x200012e0                _impure_ptr
 *fill*         0x200012e4        0x4 
 .data._impure_data
                0x200012e8      0x120 C:/Users/amira/.pico-sdk/toolchain/13_2_Rel1/bin/../lib/gcc/arm-none-eabi/13.2.1/thumb/v6-m/nofp\libc.a(libc_a-impure.o)
                0x200012e8                _impure_data
                0x20001408                        . = ALIGN (0x4)
 *(.after_data.*)
                0x20001408                        . = ALIGN (0x4)
                0x20001408                        PROVIDE (__mutex_array_start = .)
 *(SORT_BY_NAME(.mutex_array.*))
 *(.mutex_array)
 .mutex_array   0x20001408        0x8 CMakeFiles/temperatura.dir/C_/Users/amira/.pico-sdk/sdk/1.5.1/src/rp2_common/pico_stdio/stdio.c.obj
                0x20001410                        PROVIDE (__mutex_array_end = .)
                0x20001410                        . = ALIGN (0x4)
                0x20001410                        PROVIDE (__preinit_array_start = .)
 *(SORT_BY_NAME(.preinit_array.*))
 .preinit_array.00001
                0x20001410        0x4 CMakeFiles/temperatura.dir/C_/Users/amira/.pico-sdk/sdk/1.5.1/src/rp2_common/pico_mem_ops/mem_ops_aeabi.S.obj
 .preinit_array.00010
                0x20001414        0x4 CMakeFiles/temperatura.dir/C_/Users/amira/.pico-sdk/sdk/1.5.1/src/rp2_common/pico_bit_ops/bit_ops_aeabi.S.obj
 .preinit_array.00020
                0x20001418        0x4 CMakeFiles/temperatura.dir/C_/Users/amira/.pico-sdk/sdk/1.5.1/src/rp2_common/pico_double/double_aeabi.S.obj
 .preinit_array.00020
                0x2000141c        0x4 CMakeFiles/temperatura.dir/C_/Users/amira/.pico-sdk/sdk/1.5.1/src/rp2_common/pico_float/float_aeabi.S.obj
 *(.preinit_array)
                0x20001420                        PROVIDE (__preinit_array_end = .)
                0x20001420                        . = ALIGN (0x4)
                0x20001420                        PROVIDE (__init_array_start = .)
 *(SORT_BY_NAME(.init_array.*))
 *(.init_array)
 .init_array    0x20001420        0x4 C:/Users/amira/.pico-sdk/toolchain/13_2_Rel1/bin/../lib/gcc/arm-none-eabi/13.2.1/thumb/v6-m/nofp/crtbegin.o
 .init_array    0x20001424        0x4 CMakeFiles/temperatura.dir/C_/Users/amira/.pico-sdk/sdk/1.5.1/src/rp2_common/pico_unique_id/unique_id.c.obj
                0x20001428                        PROVIDE (__init_array_end = .)
                0x20001428                        . = ALIGN (0x4)
                [!provide]                        PROVIDE (__fini_array_start = .)
 *(SORT_BY_NAME(.fini_array.*))
 *(.fini_array)
                [!provide]                        PROVIDE (__fini_array_end = .)
 *(.jcr)
                0x20001428                        . = ALIGN (0x4)
                0x20001428                        __data_end__ = .
                0x10007e54                        __etext = LOADADDR (.data)

.tm_clone_table
                0x20001428        0x0 load address 0x100091bc
 .tm_clone_table
                0x20001428        0x0 C:/Users/amira/.pico-sdk/toolchain/13_2_Rel1/bin/../lib/gcc/arm-none-eabi/13.2.1/thumb/v6-m/nofp/crtbegin.o
 .tm_clone_table
                0x20001428        0x0 C:/Users/amira/.pico-sdk/toolchain/13_2_Rel1/bin/../lib/gcc/arm-none-eabi/13.2.1/thumb/v6-m/nofp/crtend.o

.igot.plt       0x20001428        0x0 load address 0x100091bc
 .igot.plt      0x20001428        0x0 C:/Users/amira/.pico-sdk/toolchain/13_2_Rel1/bin/../lib/gcc/arm-none-eabi/13.2.1/thumb/v6-m/nofp/crtbegin.o

.uninitialized_data
                0x20001428        0x0 load address 0x100091bc
                0x20001428                        . = ALIGN (0x4)
 *(.uninitialized_data*)

.scratch_x      0x20040000        0x0 load address 0x100091bc
                0x20040000                        __scratch_x_start__ = .
 *(.scratch_x.*)
                0x20040000                        . = ALIGN (0x4)
                0x20040000                        __scratch_x_end__ = .
                0x100091bc                        __scratch_x_source__ = LOADADDR (.scratch_x)

.scratch_y      0x20041000        0x0 load address 0x100091bc
                0x20041000                        __scratch_y_start__ = .
 *(.scratch_y.*)
                0x20041000                        . = ALIGN (0x4)
                0x20041000                        __scratch_y_end__ = .
                0x100091bc                        __scratch_y_source__ = LOADADDR (.scratch_y)

.bss            0x20001428      0xf28
                0x20001428                        . = ALIGN (0x4)
                0x20001428                        __bss_start__ = .
 *(SORT_BY_ALIGNMENT(SORT_BY_NAME(.bss*)))
 .bss.configured_freq
                0x20001428       0x28 CMakeFiles/temperatura.dir/C_/Users/amira/.pico-sdk/sdk/1.5.1/src/rp2_common/hardware_clocks/clocks.c.obj
 .bss.default_alarm_pool_entries
                0x20001450      0x100 CMakeFiles/temperatura.dir/C_/Users/amira/.pico-sdk/sdk/1.5.1/src/common/pico_time/time.c.obj
 .bss.last_avail_time.1
                0x20001550        0x8 CMakeFiles/temperatura.dir/C_/Users/amira/.pico-sdk/sdk/1.5.1/src/rp2_common/pico_stdio_usb/stdio_usb.c.obj
 .bss.sd_table  0x20001558      0x100 CMakeFiles/temperatura.dir/C_/Users/amira/.pico-sdk/sdk/1.5.1/src/rp2_common/pico_double/double_init_rom.c.obj
                0x20001558                sd_table
 .bss.__lock___malloc_recursive_mutex
                0x20001658        0x1 C:/Users/amira/.pico-sdk/toolchain/13_2_Rel1/bin/../lib/gcc/arm-none-eabi/13.2.1/thumb/v6-m/nofp\libc.a(libc_a-lock.o)
                0x20001658                __lock___malloc_recursive_mutex
 *fill*         0x20001659        0x3 
 .bss.__malloc_current_mallinfo
                0x2000165c       0x28 C:/Users/amira/.pico-sdk/toolchain/13_2_Rel1/bin/../lib/gcc/arm-none-eabi/13.2.1/thumb/v6-m/nofp\libc.a(libc_a-mallocr.o)
                0x2000165c                __malloc_current_mallinfo
 .bss.__malloc_max_sbrked_mem
                0x20001684        0x4 C:/Users/amira/.pico-sdk/toolchain/13_2_Rel1/bin/../lib/gcc/arm-none-eabi/13.2.1/thumb/v6-m/nofp\libc.a(libc_a-mallocr.o)
                0x20001684                __malloc_max_sbrked_mem
 .bss.__malloc_max_total_mem
                0x20001688        0x4 C:/Users/amira/.pico-sdk/toolchain/13_2_Rel1/bin/../lib/gcc/arm-none-eabi/13.2.1/thumb/v6-m/nofp\libc.a(libc_a-mallocr.o)
                0x20001688                __malloc_max_total_mem
 .bss.__malloc_top_pad
                0x2000168c        0x4 C:/Users/amira/.pico-sdk/toolchain/13_2_Rel1/bin/../lib/gcc/arm-none-eabi/13.2.1/thumb/v6-m/nofp\libc.a(libc_a-mallocr.o)
                0x2000168c                __malloc_top_pad
 .bss.__sf      0x20001690      0x138 C:/Users/amira/.pico-sdk/toolchain/13_2_Rel1/bin/../lib/gcc/arm-none-eabi/13.2.1/thumb/v6-m/nofp\libc.a(libc_a-findfp.o)
                0x20001690                __sf
 .bss._app_driver
                0x200017c8        0x4 CMakeFiles/temperatura.dir/C_/Users/amira/.pico-sdk/sdk/1.5.1/lib/tinyusb/src/device/usbd.c.obj
 .bss._cdcd_itf
                0x200017cc      0x2c8 CMakeFiles/temperatura.dir/C_/Users/amira/.pico-sdk/sdk/1.5.1/lib/tinyusb/src/class/cdc/cdc_device.c.obj
 .bss._ctrl_xfer
                0x20001a94       0x14 CMakeFiles/temperatura.dir/C_/Users/amira/.pico-sdk/sdk/1.5.1/lib/tinyusb/src/device/usbd_control.c.obj
 .bss._ubsd_mutexdef
                0x20001aa8        0x8 CMakeFiles/temperatura.dir/C_/Users/amira/.pico-sdk/sdk/1.5.1/lib/tinyusb/src/device/usbd.c.obj
 .bss._usbd_ctrl_buf
                0x20001ab0       0x40 CMakeFiles/temperatura.dir/C_/Users/amira/.pico-sdk/sdk/1.5.1/lib/tinyusb/src/device/usbd_control.c.obj
 .bss._usbd_dev
                0x20001af0       0x53 CMakeFiles/temperatura.dir/C_/Users/amira/.pico-sdk/sdk/1.5.1/lib/tinyusb/src/device/usbd.c.obj
 *fill*         0x20001b43        0x1 
 .bss._usbd_mutex
                0x20001b44        0x4 CMakeFiles/temperatura.dir/C_/Users/amira/.pico-sdk/sdk/1.5.1/lib/tinyusb/src/device/usbd.c.obj
 .bss._usbd_q   0x20001b48        0x4 CMakeFiles/temperatura.dir/C_/Users/amira/.pico-sdk/sdk/1.5.1/lib/tinyusb/src/device/usbd.c.obj
 .bss._usbd_qdef_buf
                0x20001b4c       0xc0 CMakeFiles/temperatura.dir/C_/Users/amira/.pico-sdk/sdk/1.5.1/lib/tinyusb/src/device/usbd.c.obj
                0x20001b4c                _usbd_qdef_buf
 .bss.alarm_callbacks
                0x20001c0c       0x10 CMakeFiles/temperatura.dir/C_/Users/amira/.pico-sdk/sdk/1.5.1/src/rp2_common/hardware_timer/timer.c.obj
 .bss.boot2_copyout
                0x20001c1c      0x100 CMakeFiles/temperatura.dir/C_/Users/amira/.pico-sdk/sdk/1.5.1/src/rp2_common/hardware_flash/flash.c.obj
 .bss.chars_available_callback
                0x20001d1c        0x4 CMakeFiles/temperatura.dir/C_/Users/amira/.pico-sdk/sdk/1.5.1/src/rp2_common/pico_stdio_usb/stdio_usb.c.obj
 .bss.chars_available_param
                0x20001d20        0x4 CMakeFiles/temperatura.dir/C_/Users/amira/.pico-sdk/sdk/1.5.1/src/rp2_common/pico_stdio_usb/stdio_usb.c.obj
 .bss.claimed   0x20001d24        0x4 CMakeFiles/temperatura.dir/C_/Users/amira/.pico-sdk/sdk/1.5.1/src/rp2_common/hardware_sync/sync.c.obj
 .bss.default_alarm_pool_entry_ids_high
                0x20001d28       0x10 CMakeFiles/temperatura.dir/C_/Users/amira/.pico-sdk/sdk/1.5.1/src/common/pico_time/time.c.obj
 .bss.default_alarm_pool_heap_nodes
                0x20001d38       0x30 CMakeFiles/temperatura.dir/C_/Users/amira/.pico-sdk/sdk/1.5.1/src/common/pico_time/time.c.obj
 .bss.desc_str.0
                0x20001d68       0x28 CMakeFiles/temperatura.dir/C_/Users/amira/.pico-sdk/sdk/1.5.1/src/rp2_common/pico_stdio_usb/stdio_usb_descriptors.c.obj
 .bss.drivers   0x20001d90        0x4 CMakeFiles/temperatura.dir/C_/Users/amira/.pico-sdk/sdk/1.5.1/src/rp2_common/pico_stdio/stdio.c.obj
 .bss.e15_last_sof
                0x20001d94        0x4 CMakeFiles/temperatura.dir/C_/Users/amira/.pico-sdk/sdk/1.5.1/lib/tinyusb/src/portable/raspberrypi/rp2040/rp2040_usb.c.obj
                0x20001d94                e15_last_sof
 .bss.errno     0x20001d98        0x4 C:/Users/amira/.pico-sdk/toolchain/13_2_Rel1/bin/../lib/gcc/arm-none-eabi/13.2.1/thumb/v6-m/nofp\libc.a(libc_a-reent.o)
                0x20001d98                errno
 .bss.filter    0x20001d9c        0x4 CMakeFiles/temperatura.dir/C_/Users/amira/.pico-sdk/sdk/1.5.1/src/rp2_common/pico_stdio/stdio.c.obj
 .bss.heap_end.0
                0x20001da0        0x4 CMakeFiles/temperatura.dir/C_/Users/amira/.pico-sdk/sdk/1.5.1/src/rp2_common/pico_runtime/runtime.c.obj
 .bss.historico_temperaturas
                0x20001da4       0x28 CMakeFiles/temperatura.dir/temperatura.c.obj
                0x20001da4                historico_temperaturas
 .bss.hw_endpoints
                0x20001dcc      0x400 CMakeFiles/temperatura.dir/C_/Users/amira/.pico-sdk/sdk/1.5.1/lib/tinyusb/src/portable/raspberrypi/rp2040/dcd_rp2040.c.obj
 .bss.indice    0x200021cc        0x4 CMakeFiles/temperatura.dir/temperatura.c.obj
                0x200021cc                indice
 .bss.lazy_vsnprintf
                0x200021d0        0x4 CMakeFiles/temperatura.dir/C_/Users/amira/.pico-sdk/sdk/1.5.1/src/rp2_common/pico_printf/printf.c.obj
 .bss.load_value
                0x200021d4        0x4 CMakeFiles/temperatura.dir/C_/Users/amira/.pico-sdk/sdk/1.5.1/src/rp2_common/hardware_watchdog/watchdog.c.obj
 .bss.next_buffer_ptr
                0x200021d8        0x4 CMakeFiles/temperatura.dir/C_/Users/amira/.pico-sdk/sdk/1.5.1/lib/tinyusb/src/portable/raspberrypi/rp2040/dcd_rp2040.c.obj
 .bss.object.0  0x200021dc       0x18 C:/Users/amira/.pico-sdk/toolchain/13_2_Rel1/bin/../lib/gcc/arm-none-eabi/13.2.1/thumb/v6-m/nofp/crtbegin.o
 .bss.one_shot_timer_crit_sec
                0x200021f4        0x8 CMakeFiles/temperatura.dir/C_/Users/amira/.pico-sdk/sdk/1.5.1/src/rp2_common/pico_stdio_usb/stdio_usb.c.obj
 .bss.pools     0x200021fc       0x10 CMakeFiles/temperatura.dir/C_/Users/amira/.pico-sdk/sdk/1.5.1/src/common/pico_time/time.c.obj
 .bss.retrieved_id
                0x2000220c        0x8 CMakeFiles/temperatura.dir/C_/Users/amira/.pico-sdk/sdk/1.5.1/src/rp2_common/pico_unique_id/unique_id.c.obj
 .bss.sf_clz_func
                0x20002214        0x4 CMakeFiles/temperatura.dir/C_/Users/amira/.pico-sdk/sdk/1.5.1/src/rp2_common/pico_double/double_init_rom.c.obj
                0x20002214                sf_clz_func
 .bss.sf_table  0x20002218      0x100 CMakeFiles/temperatura.dir/C_/Users/amira/.pico-sdk/sdk/1.5.1/src/rp2_common/pico_float/float_init_rom.c.obj
                0x20002218                sf_table
 .bss.sleep_notifier
                0x20002318        0x4 CMakeFiles/temperatura.dir/C_/Users/amira/.pico-sdk/sdk/1.5.1/src/common/pico_time/time.c.obj
 .bss.stdio_usb_mutex
                0x2000231c        0x8 CMakeFiles/temperatura.dir/C_/Users/amira/.pico-sdk/sdk/1.5.1/src/rp2_common/pico_stdio_usb/stdio_usb.c.obj
 .bss.target_hi
                0x20002324       0x10 CMakeFiles/temperatura.dir/C_/Users/amira/.pico-sdk/sdk/1.5.1/src/rp2_common/hardware_timer/timer.c.obj
 .bss.usbd_serial_str
                0x20002334       0x11 CMakeFiles/temperatura.dir/C_/Users/amira/.pico-sdk/sdk/1.5.1/src/rp2_common/pico_stdio_usb/stdio_usb_descriptors.c.obj
 .bss._app_driver_count
                0x20002345        0x1 CMakeFiles/temperatura.dir/C_/Users/amira/.pico-sdk/sdk/1.5.1/lib/tinyusb/src/device/usbd.c.obj
 .bss._sof_enable
                0x20002346        0x1 CMakeFiles/temperatura.dir/C_/Users/amira/.pico-sdk/sdk/1.5.1/lib/tinyusb/src/portable/raspberrypi/rp2040/dcd_rp2040.c.obj
 .bss.boot2_copyout_valid
                0x20002347        0x1 CMakeFiles/temperatura.dir/C_/Users/amira/.pico-sdk/sdk/1.5.1/src/rp2_common/hardware_flash/flash.c.obj
 .bss.claimed   0x20002348        0x1 CMakeFiles/temperatura.dir/C_/Users/amira/.pico-sdk/sdk/1.5.1/src/rp2_common/hardware_timer/timer.c.obj
 .bss.irq_hander_chain_free_slot_head
                0x20002349        0x1 CMakeFiles/temperatura.dir/C_/Users/amira/.pico-sdk/sdk/1.5.1/src/rp2_common/hardware_irq/irq.c.obj
 .bss.itf_num   0x2000234a        0x1 CMakeFiles/temperatura.dir/C_/Users/amira/.pico-sdk/sdk/1.5.1/src/rp2_common/pico_stdio_usb/reset_interface.c.obj
 .bss.low_priority_irq_num
                0x2000234b        0x1 CMakeFiles/temperatura.dir/C_/Users/amira/.pico-sdk/sdk/1.5.1/src/rp2_common/pico_stdio_usb/stdio_usb.c.obj
 .bss.one_shot_timer_pending
                0x2000234c        0x1 CMakeFiles/temperatura.dir/C_/Users/amira/.pico-sdk/sdk/1.5.1/src/rp2_common/pico_stdio_usb/stdio_usb.c.obj
 .bss.timer_callbacks_pending
                0x2000234d        0x1 CMakeFiles/temperatura.dir/C_/Users/amira/.pico-sdk/sdk/1.5.1/src/rp2_common/hardware_timer/timer.c.obj
 .bss.user_irq_claimed
                0x2000234e        0x1 CMakeFiles/temperatura.dir/C_/Users/amira/.pico-sdk/sdk/1.5.1/src/rp2_common/hardware_irq/irq.c.obj
 *(COMMON)
                0x20002350                        . = ALIGN (0x4)
 *fill*         0x2000234f        0x1 
                0x20002350                        __bss_end__ = .

.heap           0x20002350      0x800
                0x20002350                        __end__ = .
                0x20002350                        end = __end__
 *(.heap*)
 .heap          0x20002350      0x800 CMakeFiles/temperatura.dir/C_/Users/amira/.pico-sdk/sdk/1.5.1/src/rp2_common/pico_standard_link/crt0.S.obj
                0x20002b50                        __HeapLimit = .

.stack1_dummy
 *(.stack1*)

.stack_dummy    0x20041000      0x800
 *(.stack*)
 .stack         0x20041000      0x800 CMakeFiles/temperatura.dir/C_/Users/amira/.pico-sdk/sdk/1.5.1/src/rp2_common/pico_standard_link/crt0.S.obj

.flash_end      0x100091bc        0x0
                0x100091bc                        PROVIDE (__flash_binary_end = .)
                0x20040000                        __StackLimit = (ORIGIN (RAM) + LENGTH (RAM))
                0x20041000                        __StackOneTop = (ORIGIN (SCRATCH_X) + LENGTH (SCRATCH_X))
                0x20042000                        __StackTop = (ORIGIN (SCRATCH_Y) + LENGTH (SCRATCH_Y))
                0x20041000                        __StackOneBottom = (__StackOneTop - SIZEOF (.stack1_dummy))
                0x20041800                        __StackBottom = (__StackTop - SIZEOF (.stack_dummy))
                0x20042000                        PROVIDE (__stack = __StackTop)
                0x00000001                        ASSERT ((__StackLimit >= __HeapLimit), region RAM overflowed)
                0x00000001                        ASSERT (((__binary_info_header_end - __logical_binary_start) <= 0x100), Binary info must be in first 256 bytes of the binary)
LOAD CMakeFiles/temperatura.dir/temperatura.c.obj
LOAD CMakeFiles/temperatura.dir/inc/ssd1306_i2c.c.obj
LOAD CMakeFiles/temperatura.dir/C_/Users/amira/.pico-sdk/sdk/1.5.1/src/rp2_common/pico_stdlib/stdlib.c.obj
LOAD CMakeFiles/temperatura.dir/C_/Users/amira/.pico-sdk/sdk/1.5.1/src/rp2_common/hardware_gpio/gpio.c.obj
LOAD CMakeFiles/temperatura.dir/C_/Users/amira/.pico-sdk/sdk/1.5.1/src/rp2_common/pico_platform/platform.c.obj
LOAD CMakeFiles/temperatura.dir/C_/Users/amira/.pico-sdk/sdk/1.5.1/src/rp2_common/hardware_claim/claim.c.obj
LOAD CMakeFiles/temperatura.dir/C_/Users/amira/.pico-sdk/sdk/1.5.1/src/rp2_common/hardware_sync/sync.c.obj
LOAD CMakeFiles/temperatura.dir/C_/Users/amira/.pico-sdk/sdk/1.5.1/src/rp2_common/hardware_irq/irq.c.obj
LOAD CMakeFiles/temperatura.dir/C_/Users/amira/.pico-sdk/sdk/1.5.1/src/rp2_common/hardware_irq/irq_handler_chain.S.obj
LOAD CMakeFiles/temperatura.dir/C_/Users/amira/.pico-sdk/sdk/1.5.1/src/common/pico_sync/sem.c.obj
LOAD CMakeFiles/temperatura.dir/C_/Users/amira/.pico-sdk/sdk/1.5.1/src/common/pico_sync/lock_core.c.obj
LOAD CMakeFiles/temperatura.dir/C_/Users/amira/.pico-sdk/sdk/1.5.1/src/common/pico_sync/mutex.c.obj
LOAD CMakeFiles/temperatura.dir/C_/Users/amira/.pico-sdk/sdk/1.5.1/src/common/pico_sync/critical_section.c.obj
LOAD CMakeFiles/temperatura.dir/C_/Users/amira/.pico-sdk/sdk/1.5.1/src/common/pico_time/time.c.obj
LOAD CMakeFiles/temperatura.dir/C_/Users/amira/.pico-sdk/sdk/1.5.1/src/common/pico_time/timeout_helper.c.obj
LOAD CMakeFiles/temperatura.dir/C_/Users/amira/.pico-sdk/sdk/1.5.1/src/rp2_common/hardware_timer/timer.c.obj
LOAD CMakeFiles/temperatura.dir/C_/Users/amira/.pico-sdk/sdk/1.5.1/src/common/pico_util/datetime.c.obj
LOAD CMakeFiles/temperatura.dir/C_/Users/amira/.pico-sdk/sdk/1.5.1/src/common/pico_util/pheap.c.obj
LOAD CMakeFiles/temperatura.dir/C_/Users/amira/.pico-sdk/sdk/1.5.1/src/common/pico_util/queue.c.obj
LOAD CMakeFiles/temperatura.dir/C_/Users/amira/.pico-sdk/sdk/1.5.1/src/rp2_common/hardware_uart/uart.c.obj
LOAD CMakeFiles/temperatura.dir/C_/Users/amira/.pico-sdk/sdk/1.5.1/src/rp2_common/hardware_clocks/clocks.c.obj
LOAD CMakeFiles/temperatura.dir/C_/Users/amira/.pico-sdk/sdk/1.5.1/src/rp2_common/hardware_pll/pll.c.obj
LOAD CMakeFiles/temperatura.dir/C_/Users/amira/.pico-sdk/sdk/1.5.1/src/rp2_common/hardware_vreg/vreg.c.obj
LOAD CMakeFiles/temperatura.dir/C_/Users/amira/.pico-sdk/sdk/1.5.1/src/rp2_common/hardware_watchdog/watchdog.c.obj
LOAD CMakeFiles/temperatura.dir/C_/Users/amira/.pico-sdk/sdk/1.5.1/src/rp2_common/hardware_xosc/xosc.c.obj
LOAD CMakeFiles/temperatura.dir/C_/Users/amira/.pico-sdk/sdk/1.5.1/src/rp2_common/hardware_divider/divider.S.obj
LOAD CMakeFiles/temperatura.dir/C_/Users/amira/.pico-sdk/sdk/1.5.1/src/rp2_common/pico_runtime/runtime.c.obj
LOAD CMakeFiles/temperatura.dir/C_/Users/amira/.pico-sdk/sdk/1.5.1/src/rp2_common/pico_printf/printf.c.obj
LOAD CMakeFiles/temperatura.dir/C_/Users/amira/.pico-sdk/sdk/1.5.1/src/rp2_common/pico_bit_ops/bit_ops_aeabi.S.obj
LOAD CMakeFiles/temperatura.dir/C_/Users/amira/.pico-sdk/sdk/1.5.1/src/rp2_common/pico_bootrom/bootrom.c.obj
LOAD CMakeFiles/temperatura.dir/C_/Users/amira/.pico-sdk/sdk/1.5.1/src/rp2_common/pico_divider/divider.S.obj
LOAD CMakeFiles/temperatura.dir/C_/Users/amira/.pico-sdk/sdk/1.5.1/src/rp2_common/pico_double/double_aeabi.S.obj
LOAD CMakeFiles/temperatura.dir/C_/Users/amira/.pico-sdk/sdk/1.5.1/src/rp2_common/pico_double/double_init_rom.c.obj
LOAD CMakeFiles/temperatura.dir/C_/Users/amira/.pico-sdk/sdk/1.5.1/src/rp2_common/pico_double/double_math.c.obj
LOAD CMakeFiles/temperatura.dir/C_/Users/amira/.pico-sdk/sdk/1.5.1/src/rp2_common/pico_double/double_v1_rom_shim.S.obj
LOAD CMakeFiles/temperatura.dir/C_/Users/amira/.pico-sdk/sdk/1.5.1/src/rp2_common/pico_int64_ops/pico_int64_ops_aeabi.S.obj
LOAD CMakeFiles/temperatura.dir/C_/Users/amira/.pico-sdk/sdk/1.5.1/src/rp2_common/pico_float/float_aeabi.S.obj
LOAD CMakeFiles/temperatura.dir/C_/Users/amira/.pico-sdk/sdk/1.5.1/src/rp2_common/pico_float/float_init_rom.c.obj
LOAD CMakeFiles/temperatura.dir/C_/Users/amira/.pico-sdk/sdk/1.5.1/src/rp2_common/pico_float/float_math.c.obj
LOAD CMakeFiles/temperatura.dir/C_/Users/amira/.pico-sdk/sdk/1.5.1/src/rp2_common/pico_float/float_v1_rom_shim.S.obj
LOAD CMakeFiles/temperatura.dir/C_/Users/amira/.pico-sdk/sdk/1.5.1/src/rp2_common/pico_malloc/pico_malloc.c.obj
LOAD CMakeFiles/temperatura.dir/C_/Users/amira/.pico-sdk/sdk/1.5.1/src/rp2_common/pico_mem_ops/mem_ops_aeabi.S.obj
LOAD CMakeFiles/temperatura.dir/C_/Users/amira/.pico-sdk/sdk/1.5.1/src/rp2_common/pico_standard_link/crt0.S.obj
LOAD CMakeFiles/temperatura.dir/C_/Users/amira/.pico-sdk/sdk/1.5.1/src/rp2_common/pico_standard_link/new_delete.cpp.obj
LOAD CMakeFiles/temperatura.dir/C_/Users/amira/.pico-sdk/sdk/1.5.1/src/rp2_common/pico_standard_link/binary_info.c.obj
LOAD CMakeFiles/temperatura.dir/C_/Users/amira/.pico-sdk/sdk/1.5.1/src/rp2_common/pico_stdio/stdio.c.obj
LOAD CMakeFiles/temperatura.dir/C_/Users/amira/.pico-sdk/sdk/1.5.1/src/rp2_common/pico_stdio_usb/reset_interface.c.obj
LOAD CMakeFiles/temperatura.dir/C_/Users/amira/.pico-sdk/sdk/1.5.1/src/rp2_common/pico_stdio_usb/stdio_usb.c.obj
LOAD CMakeFiles/temperatura.dir/C_/Users/amira/.pico-sdk/sdk/1.5.1/src/rp2_common/pico_stdio_usb/stdio_usb_descriptors.c.obj
LOAD CMakeFiles/temperatura.dir/C_/Users/amira/.pico-sdk/sdk/1.5.1/src/rp2_common/pico_unique_id/unique_id.c.obj
LOAD CMakeFiles/temperatura.dir/C_/Users/amira/.pico-sdk/sdk/1.5.1/src/rp2_common/hardware_flash/flash.c.obj